Archive member included to satisfy reference by file (symbol)

c:/st/stm32cubeide_1.2.0/stm32cubeide/plugins/com.st.stm32cube.ide.mcu.externaltools.gnu-tools-for-stm32.7-2018-q2-update.win32_1.5.0.202011040924/tools/bin/../lib/gcc/arm-none-eabi/7.3.1/../../../../arm-none-eabi/lib/thumb/v7-m\libc_nano.a(lib_a-errno.o)
                              Core/Src/syscalls.o (__errno)
c:/st/stm32cubeide_1.2.0/stm32cubeide/plugins/com.st.stm32cube.ide.mcu.externaltools.gnu-tools-for-stm32.7-2018-q2-update.win32_1.5.0.202011040924/tools/bin/../lib/gcc/arm-none-eabi/7.3.1/../../../../arm-none-eabi/lib/thumb/v7-m\libc_nano.a(lib_a-exit.o)
                              c:/st/stm32cubeide_1.2.0/stm32cubeide/plugins/com.st.stm32cube.ide.mcu.externaltools.gnu-tools-for-stm32.7-2018-q2-update.win32_1.5.0.202011040924/tools/bin/../lib/gcc/arm-none-eabi/7.3.1/../../../../arm-none-eabi/lib/thumb/v7-m/crt0.o (exit)
c:/st/stm32cubeide_1.2.0/stm32cubeide/plugins/com.st.stm32cube.ide.mcu.externaltools.gnu-tools-for-stm32.7-2018-q2-update.win32_1.5.0.202011040924/tools/bin/../lib/gcc/arm-none-eabi/7.3.1/../../../../arm-none-eabi/lib/thumb/v7-m\libc_nano.a(lib_a-impure.o)
                              c:/st/stm32cubeide_1.2.0/stm32cubeide/plugins/com.st.stm32cube.ide.mcu.externaltools.gnu-tools-for-stm32.7-2018-q2-update.win32_1.5.0.202011040924/tools/bin/../lib/gcc/arm-none-eabi/7.3.1/../../../../arm-none-eabi/lib/thumb/v7-m\libc_nano.a(lib_a-exit.o) (_global_impure_ptr)
c:/st/stm32cubeide_1.2.0/stm32cubeide/plugins/com.st.stm32cube.ide.mcu.externaltools.gnu-tools-for-stm32.7-2018-q2-update.win32_1.5.0.202011040924/tools/bin/../lib/gcc/arm-none-eabi/7.3.1/../../../../arm-none-eabi/lib/thumb/v7-m\libc_nano.a(lib_a-init.o)
                              c:/st/stm32cubeide_1.2.0/stm32cubeide/plugins/com.st.stm32cube.ide.mcu.externaltools.gnu-tools-for-stm32.7-2018-q2-update.win32_1.5.0.202011040924/tools/bin/../lib/gcc/arm-none-eabi/7.3.1/../../../../arm-none-eabi/lib/thumb/v7-m/crt0.o (__libc_init_array)
c:/st/stm32cubeide_1.2.0/stm32cubeide/plugins/com.st.stm32cube.ide.mcu.externaltools.gnu-tools-for-stm32.7-2018-q2-update.win32_1.5.0.202011040924/tools/bin/../lib/gcc/arm-none-eabi/7.3.1/../../../../arm-none-eabi/lib/thumb/v7-m\libc_nano.a(lib_a-memcpy-stub.o)
                              Core/Src/TJ_MPU6050.o (memcpy)
c:/st/stm32cubeide_1.2.0/stm32cubeide/plugins/com.st.stm32cube.ide.mcu.externaltools.gnu-tools-for-stm32.7-2018-q2-update.win32_1.5.0.202011040924/tools/bin/../lib/gcc/arm-none-eabi/7.3.1/../../../../arm-none-eabi/lib/thumb/v7-m\libc_nano.a(lib_a-memset.o)
                              c:/st/stm32cubeide_1.2.0/stm32cubeide/plugins/com.st.stm32cube.ide.mcu.externaltools.gnu-tools-for-stm32.7-2018-q2-update.win32_1.5.0.202011040924/tools/bin/../lib/gcc/arm-none-eabi/7.3.1/../../../../arm-none-eabi/lib/thumb/v7-m/crt0.o (memset)
c:/st/stm32cubeide_1.2.0/stm32cubeide/plugins/com.st.stm32cube.ide.mcu.externaltools.gnu-tools-for-stm32.7-2018-q2-update.win32_1.5.0.202011040924/tools/bin/../lib/gcc/arm-none-eabi/7.3.1/../../../../arm-none-eabi/lib/thumb/v7-m\libc_nano.a(lib_a-printf.o)
                              Core/Src/main.o (printf)
c:/st/stm32cubeide_1.2.0/stm32cubeide/plugins/com.st.stm32cube.ide.mcu.externaltools.gnu-tools-for-stm32.7-2018-q2-update.win32_1.5.0.202011040924/tools/bin/../lib/gcc/arm-none-eabi/7.3.1/../../../../arm-none-eabi/lib/thumb/v7-m\libc_nano.a(lib_a-puts.o)
                              Core/Src/main.o (puts)
c:/st/stm32cubeide_1.2.0/stm32cubeide/plugins/com.st.stm32cube.ide.mcu.externaltools.gnu-tools-for-stm32.7-2018-q2-update.win32_1.5.0.202011040924/tools/bin/../lib/gcc/arm-none-eabi/7.3.1/../../../../arm-none-eabi/lib/thumb/v7-m\libc_nano.a(lib_a-wbuf.o)
                              c:/st/stm32cubeide_1.2.0/stm32cubeide/plugins/com.st.stm32cube.ide.mcu.externaltools.gnu-tools-for-stm32.7-2018-q2-update.win32_1.5.0.202011040924/tools/bin/../lib/gcc/arm-none-eabi/7.3.1/../../../../arm-none-eabi/lib/thumb/v7-m\libc_nano.a(lib_a-puts.o) (__swbuf_r)
c:/st/stm32cubeide_1.2.0/stm32cubeide/plugins/com.st.stm32cube.ide.mcu.externaltools.gnu-tools-for-stm32.7-2018-q2-update.win32_1.5.0.202011040924/tools/bin/../lib/gcc/arm-none-eabi/7.3.1/../../../../arm-none-eabi/lib/thumb/v7-m\libc_nano.a(lib_a-wsetup.o)
                              c:/st/stm32cubeide_1.2.0/stm32cubeide/plugins/com.st.stm32cube.ide.mcu.externaltools.gnu-tools-for-stm32.7-2018-q2-update.win32_1.5.0.202011040924/tools/bin/../lib/gcc/arm-none-eabi/7.3.1/../../../../arm-none-eabi/lib/thumb/v7-m\libc_nano.a(lib_a-puts.o) (__swsetup_r)
c:/st/stm32cubeide_1.2.0/stm32cubeide/plugins/com.st.stm32cube.ide.mcu.externaltools.gnu-tools-for-stm32.7-2018-q2-update.win32_1.5.0.202011040924/tools/bin/../lib/gcc/arm-none-eabi/7.3.1/../../../../arm-none-eabi/lib/thumb/v7-m\libc_nano.a(lib_a-fflush.o)
[...]
Memory Configuration

Name             Origin             Length             Attributes
RAM              0x0000000020000000 0x0000000000014000 xrw
FLASH            0x0000000008000000 0x0000000000080000 xr
*default*        0x0000000000000000 0xffffffffffffffff

Linker script and memory map

LOAD c:/st/stm32cubeide_1.2.0/stm32cubeide/plugins/com.st.stm32cube.ide.mcu.externaltools.gnu-tools-for-stm32.7-2018-q2-update.win32_1.5.0.202011040924/tools/bin/../lib/gcc/arm-none-eabi/7.3.1/thumb/v7-m/crti.o
LOAD c:/st/stm32cubeide_1.2.0/stm32cubeide/plugins/com.st.stm32cube.ide.mcu.externaltools.gnu-tools-for-stm32.7-2018-q2-update.win32_1.5.0.202011040924/tools/bin/../lib/gcc/arm-none-eabi/7.3.1/thumb/v7-m/crtbegin.o
LOAD c:/st/stm32cubeide_1.2.0/stm32cubeide/plugins/com.st.stm32cube.ide.mcu.externaltools.gnu-tools-for-stm32.7-2018-q2-update.win32_1.5.0.202011040924/tools/bin/../lib/gcc/arm-none-eabi/7.3.1/../../../../arm-none-eabi/lib/thumb/v7-m/crt0.o
LOAD Core/Src/TJ_MPU6050.o
LOAD Core/Src/main.o
LOAD Core/Src/stm32l1xx_hal_msp.o
LOAD Core/Src/stm32l1xx_it.o
LOAD Core/Src/syscalls.o
LOAD Core/Src/sysmem.o
LOAD Core/Src/system_stm32l1xx.o
LOAD Core/Startup/startup_stm32l152retx.o
LOAD Drivers/STM32L1xx_HAL_Driver/Src/stm32l1xx_hal.o
LOAD Drivers/STM32L1xx_HAL_Driver/Src/stm32l1xx_hal_adc.o
LOAD Drivers/STM32L1xx_HAL_Driver/Src/stm32l1xx_hal_adc_ex.o
LOAD Drivers/STM32L1xx_HAL_Driver/Src/stm32l1xx_hal_cortex.o
LOAD Drivers/STM32L1xx_HAL_Driver/Src/stm32l1xx_hal_dma.o
LOAD Drivers/STM32L1xx_HAL_Driver/Src/stm32l1xx_hal_exti.o
LOAD Drivers/STM32L1xx_HAL_Driver/Src/stm32l1xx_hal_flash.o
LOAD Drivers/STM32L1xx_HAL_Driver/Src/stm32l1xx_hal_flash_ex.o
LOAD Drivers/STM32L1xx_HAL_Driver/Src/stm32l1xx_hal_flash_ramfunc.o
LOAD Drivers/STM32L1xx_HAL_Driver/Src/stm32l1xx_hal_gpio.o
LOAD Drivers/STM32L1xx_HAL_Driver/Src/stm32l1xx_hal_i2c.o
LOAD Drivers/STM32L1xx_HAL_Driver/Src/stm32l1xx_hal_pwr.o
LOAD Drivers/STM32L1xx_HAL_Driver/Src/stm32l1xx_hal_pwr_ex.o
LOAD Drivers/STM32L1xx_HAL_Driver/Src/stm32l1xx_hal_rcc.o
LOAD Drivers/STM32L1xx_HAL_Driver/Src/stm32l1xx_hal_rcc_ex.o
LOAD Drivers/STM32L1xx_HAL_Driver/Src/stm32l1xx_hal_tim.o
LOAD Drivers/STM32L1xx_HAL_Driver/Src/stm32l1xx_hal_tim_ex.o
LOAD Drivers/STM32L1xx_HAL_Driver/Src/stm32l1xx_hal_uart.o
START GROUP
LOAD c:/st/stm32cubeide_1.2.0/stm32cubeide/plugins/com.st.stm32cube.ide.mcu.externaltools.gnu-tools-for-stm32.7-2018-q2-update.win32_1.5.0.202011040924/tools/bin/../lib/gcc/arm-none-eabi/7.3.1/../../../../arm-none-eabi/lib/thumb/v7-m\libc_nano.a
LOAD c:/st/stm32cubeide_1.2.0/stm32cubeide/plugins/com.st.stm32cube.ide.mcu.externaltools.gnu-tools-for-stm32.7-2018-q2-update.win32_1.5.0.202011040924/tools/bin/../lib/gcc/arm-none-eabi/7.3.1/../../../../arm-none-eabi/lib/thumb/v7-m\libm.a
END GROUP
START GROUP
LOAD c:/st/stm32cubeide_1.2.0/stm32cubeide/plugins/com.st.stm32cube.ide.mcu.externaltools.gnu-tools-for-stm32.7-2018-q2-update.win32_1.5.0.202011040924/tools/bin/../lib/gcc/arm-none-eabi/7.3.1/thumb/v7-m\libgcc.a
LOAD c:/st/stm32cubeide_1.2.0/stm32cubeide/plugins/com.st.stm32cube.ide.mcu.externaltools.gnu-tools-for-stm32.7-2018-q2-update.win32_1.5.0.202011040924/tools/bin/../lib/gcc/arm-none-eabi/7.3.1/../../../../arm-none-eabi/lib/thumb/v7-m\libc_nano.a
END GROUP
START GROUP
LOAD c:/st/stm32cubeide_1.2.0/stm32cubeide/plugins/com.st.stm32cube.ide.mcu.externaltools.gnu-tools-for-stm32.7-2018-q2-update.win32_1.5.0.202011040924/tools/bin/../lib/gcc/arm-none-eabi/7.3.1/thumb/v7-m\libgcc.a
LOAD c:/st/stm32cubeide_1.2.0/stm32cubeide/plugins/com.st.stm32cube.ide.mcu.externaltools.gnu-tools-for-stm32.7-2018-q2-update.win32_1.5.0.202011040924/tools/bin/../lib/gcc/arm-none-eabi/7.3.1/../../../../arm-none-eabi/lib/thumb/v7-m\libc_nano.a
LOAD c:/st/stm32cubeide_1.2.0/stm32cubeide/plugins/com.st.stm32cube.ide.mcu.externaltools.gnu-tools-for-stm32.7-2018-q2-update.win32_1.5.0.202011040924/tools/bin/../lib/gcc/arm-none-eabi/7.3.1/../../../../arm-none-eabi/lib/thumb/v7-m\libnosys.a
END GROUP
START GROUP
LOAD c:/st/stm32cubeide_1.2.0/stm32cubeide/plugins/com.st.stm32cube.ide.mcu.externaltools.gnu-tools-for-stm32.7-2018-q2-update.win32_1.5.0.202011040924/tools/bin/../lib/gcc/arm-none-eabi/7.3.1/thumb/v7-m\libgcc.a
LOAD c:/st/stm32cubeide_1.2.0/stm32cubeide/plugins/com.st.stm32cube.ide.mcu.externaltools.gnu-tools-for-stm32.7-2018-q2-update.win32_1.5.0.202011040924/tools/bin/../lib/gcc/arm-none-eabi/7.3.1/../../../../arm-none-eabi/lib/thumb/v7-m\libc_nano.a
LOAD c:/st/stm32cubeide_1.2.0/stm32cubeide/plugins/com.st.stm32cube.ide.mcu.externaltools.gnu-tools-for-stm32.7-2018-q2-update.win32_1.5.0.202011040924/tools/bin/../lib/gcc/arm-none-eabi/7.3.1/../../../../arm-none-eabi/lib/thumb/v7-m\libnosys.a
END GROUP
LOAD c:/st/stm32cubeide_1.2.0/stm32cubeide/plugins/com.st.stm32cube.ide.mcu.externaltools.gnu-tools-for-stm32.7-2018-q2-update.win32_1.5.0.202011040924/tools/bin/../lib/gcc/arm-none-eabi/7.3.1/thumb/v7-m/crtend.o
LOAD c:/st/stm32cubeide_1.2.0/stm32cubeide/plugins/com.st.stm32cube.ide.mcu.externaltools.gnu-tools-for-stm32.7-2018-q2-update.win32_1.5.0.202011040924/tools/bin/../lib/gcc/arm-none-eabi/7.3.1/thumb/v7-m/crtn.o
                0x0000000020014000                _estack = (ORIGIN (RAM) + LENGTH (RAM))
                0x0000000000000200                _Min_Heap_Size = 0x200
                0x0000000000000400                _Min_Stack_Size = 0x400

.isr_vector     0x0000000008000000      0x13c
                0x0000000008000000                . = ALIGN (0x4)
 *(.isr_vector)
 .isr_vector    0x0000000008000000      0x13c Core/Startup/startup_stm32l152retx.o
                0x0000000008000000                g_pfnVectors
                0x000000000800013c                . = ALIGN (0x4)

.text           0x0000000008000140     0x6a28
                0x0000000008000140                . = ALIGN (0x4)
 *(.text)
 .text          0x0000000008000140       0x40 c:/st/stm32cubeide_1.2.0/stm32cubeide/plugins/com.st.stm32cube.ide.mcu.externaltools.gnu-tools-for-stm32.7-2018-q2-update.win32_1.5.0.202011040924/tools/bin/../lib/gcc/arm-none-eabi/7.3.1/thumb/v7-m/crtbegin.o
 .text          0x0000000008000180      0x378 c:/st/stm32cubeide_1.2.0/stm32cubeide/plugins/com.st.stm32cube.ide.mcu.externaltools.gnu-tools-for-stm32.7-2018-q2-update.win32_1.5.0.202011040924/tools/bin/../lib/gcc/arm-none-eabi/7.3.1/thumb/v7-m\libgcc.a(_arm_addsubdf3.o)
                0x0000000008000180                __aeabi_drsub
                0x0000000008000188                __aeabi_dsub
                0x0000000008000188                __subdf3
                0x000000000800018c                __aeabi_dadd
                0x000000000800018c                __adddf3
                0x0000000008000404                __floatunsidf
                0x0000000008000404                __aeabi_ui2d
                0x0000000008000424                __floatsidf
                0x0000000008000424                __aeabi_i2d
                0x0000000008000448                __aeabi_f2d
                0x0000000008000448                __extendsfdf2
                0x000000000800048c                __floatundidf
                0x000000000800048c                __aeabi_ul2d
                0x000000000800049c                __floatdidf
                0x000000000800049c                __aeabi_l2d
 .text          0x00000000080004f8      0x424 c:/st/stm32cubeide_1.2.0/stm32cubeide/plugins/com.st.stm32cube.ide.mcu.externaltools.gnu-tools-for-stm32.7-2018-q2-update.win32_1.5.0.202011040924/tools/bin/../lib/gcc/arm-none-eabi/7.3.1/thumb/v7-m\libgcc.a(_arm_muldivdf3.o)
                0x00000000080004f8                __aeabi_dmul
                0x00000000080004f8                __muldf3
                0x000000000800074c                __divdf3
                0x000000000800074c                __aeabi_ddiv
 .text          0x000000000800091c       0x40 c:/st/stm32cubeide_1.2.0/stm32cubeide/plugins/com.st.stm32cube.ide.mcu.externaltools.gnu-tools-for-stm32.7-2018-q2-update.win32_1.5.0.202011040924/tools/bin/../lib/gcc/arm-none-eabi/7.3.1/thumb/v7-m\libgcc.a(_arm_fixunsdfsi.o)
                0x000000000800091c                __aeabi_d2uiz
                0x000000000800091c                __fixunsdfsi
 .text          0x000000000800095c       0x30 c:/st/stm32cubeide_1.2.0/stm32cubeide/plugins/com.st.stm32cube.ide.mcu.externaltools.gnu-tools-for-stm32.7-2018-q2-update.win32_1.5.0.202011040924/tools/bin/../lib/gcc/arm-none-eabi/7.3.1/thumb/v7-m\libgcc.a(_aeabi_uldivmod.o)
                0x000000000800095c                __aeabi_uldivmod
 .text          0x000000000800098c      0x2d0 c:/st/stm32cubeide_1.2.0/stm32cubeide/plugins/com.st.stm32cube.ide.mcu.externaltools.gnu-tools-for-stm32.7-2018-q2-update.win32_1.5.0.202011040924/tools/bin/../lib/gcc/arm-none-eabi/7.3.1/thumb/v7-m\libgcc.a(_udivmoddi4.o)
                0x000000000800098c                __udivmoddi4
 .text          0x0000000008000c5c        0x4 c:/st/stm32cubeide_1.2.0/stm32cubeide/plugins/com.st.stm32cube.ide.mcu.externaltools.gnu-tools-for-stm32.7-2018-q2-update.win32_1.5.0.202011040924/tools/bin/../lib/gcc/arm-none-eabi/7.3.1/thumb/v7-m\libgcc.a(_dvmd_tls.o)
                0x0000000008000c5c                __aeabi_idiv0
                0x0000000008000c5c                __aeabi_ldiv0
 *(.text*)
 .text.MPU6050_Init
                0x0000000008000c60       0x20 Core/Src/TJ_MPU6050.o
                0x0000000008000c60                MPU6050_Init
 .text.I2C_Write8
                0x0000000008000c80       0x3c Core/Src/TJ_MPU6050.o
                0x0000000008000c80                I2C_Write8
 .text.MPU6050_Config
                0x0000000008000cbc      0x150 Core/Src/TJ_MPU6050.o
                0x0000000008000cbc                MPU6050_Config
 .text.MPU6050_Set_SMPRT_DIV
                0x0000000008000e0c       0x1c Core/Src/TJ_MPU6050.o
                0x0000000008000e0c                MPU6050_Set_SMPRT_DIV
 .text.delay    0x0000000008000e28       0x54 Core/Src/main.o
                0x0000000008000e28                delay
 .text.readMsg  0x0000000008000e7c       0x70 Core/Src/main.o
                0x0000000008000e7c                readMsg
 .text.__io_putchar
                0x0000000008000eec       0x24 Core/Src/main.o
                0x0000000008000eec                __io_putchar
 .text.__io_getchar
                0x0000000008000f10       0x24 Core/Src/main.o
                0x0000000008000f10                __io_getchar
 .text.Correcto_zelda
                0x0000000008000f34       0xc8 Core/Src/main.o
                0x0000000008000f34                Correcto_zelda
 .text.final_notificacion
                0x0000000008000ffc       0xf4 Core/Src/main.o
                0x0000000008000ffc                final_notificacion
 .text.gotoSleep
                0x00000000080010f0       0x58 Core/Src/main.o
                0x00000000080010f0                gotoSleep
 .text.main     0x0000000008001148      0x454 Core/Src/main.o
                0x0000000008001148                main
 .text.SystemClock_Config
                0x000000000800159c       0x9c Core/Src/main.o
                0x000000000800159c                SystemClock_Config
 .text.MX_ADC_Init
                0x0000000008001638       0xb0 Core/Src/main.o
 .text.MX_I2C1_Init
                0x00000000080016e8       0x5c Core/Src/main.o
 .text.MX_TIM2_Init
                0x0000000008001744       0xa4 Core/Src/main.o
 .text.MX_TIM3_Init
                0x00000000080017e8       0xe0 Core/Src/main.o
 .text.MX_TIM4_Init
                0x00000000080018c8       0xe8 Core/Src/main.o
 .text.MX_TIM7_Init
                0x00000000080019b0       0x6c Core/Src/main.o
 .text.MX_USART2_UART_Init
                0x0000000008001a1c       0x54 Core/Src/main.o
 .text.MX_GPIO_Init
                0x0000000008001a70       0xe0 Core/Src/main.o
 .text.Error_Handler
                0x0000000008001b50        0x8 Core/Src/main.o
                0x0000000008001b50                Error_Handler
 .text.HAL_MspInit
                0x0000000008001b58       0x5c Core/Src/stm32l1xx_hal_msp.o
                0x0000000008001b58                HAL_MspInit
 .text.HAL_ADC_MspInit
                0x0000000008001bb4       0x80 Core/Src/stm32l1xx_hal_msp.o
                0x0000000008001bb4                HAL_ADC_MspInit
 .text.HAL_I2C_MspInit
                0x0000000008001c34       0x88 Core/Src/stm32l1xx_hal_msp.o
                0x0000000008001c34                HAL_I2C_MspInit
 .text.HAL_TIM_PWM_MspInit
                0x0000000008001cbc       0x84 Core/Src/stm32l1xx_hal_msp.o
                0x0000000008001cbc                HAL_TIM_PWM_MspInit
 .text.HAL_TIM_Base_MspInit
                0x0000000008001d40       0xe8 Core/Src/stm32l1xx_hal_msp.o
                0x0000000008001d40                HAL_TIM_Base_MspInit
 .text.HAL_TIM_MspPostInit
                0x0000000008001e28       0x70 Core/Src/stm32l1xx_hal_msp.o
                0x0000000008001e28                HAL_TIM_MspPostInit
 .text.HAL_UART_MspInit
                0x0000000008001e98       0x88 Core/Src/stm32l1xx_hal_msp.o
                0x0000000008001e98                HAL_UART_MspInit
 .text.NMI_Handler
                0x0000000008001f20        0x6 Core/Src/stm32l1xx_it.o
                0x0000000008001f20                NMI_Handler
 .text.HardFault_Handler
                0x0000000008001f26        0x6 Core/Src/stm32l1xx_it.o
                0x0000000008001f26                HardFault_Handler
 .text.MemManage_Handler
                0x0000000008001f2c        0x6 Core/Src/stm32l1xx_it.o
                0x0000000008001f2c                MemManage_Handler
 .text.BusFault_Handler
                0x0000000008001f32        0x6 Core/Src/stm32l1xx_it.o
                0x0000000008001f32                BusFault_Handler
 .text.UsageFault_Handler
                0x0000000008001f38        0x6 Core/Src/stm32l1xx_it.o
                0x0000000008001f38                UsageFault_Handler
 .text.SVC_Handler
                0x0000000008001f3e        0xc Core/Src/stm32l1xx_it.o
                0x0000000008001f3e                SVC_Handler
 .text.DebugMon_Handler
                0x0000000008001f4a        0xc Core/Src/stm32l1xx_it.o
                0x0000000008001f4a                DebugMon_Handler
 .text.PendSV_Handler
                0x0000000008001f56        0xc Core/Src/stm32l1xx_it.o
                0x0000000008001f56                PendSV_Handler
 .text.SysTick_Handler
                0x0000000008001f62        0xc Core/Src/stm32l1xx_it.o
                0x0000000008001f62                SysTick_Handler
 *fill*         0x0000000008001f6e        0x2 
 .text.TIM3_IRQHandler
                0x0000000008001f70       0x68 Core/Src/stm32l1xx_it.o
                0x0000000008001f70                TIM3_IRQHandler
 .text.EXTI15_10_IRQHandler
                0x0000000008001fd8       0x34 Core/Src/stm32l1xx_it.o
                0x0000000008001fd8                EXTI15_10_IRQHandler
 .text._read    0x000000000800200c       0x3a Core/Src/syscalls.o
                0x000000000800200c                _read
 .text._write   0x0000000008002046       0x38 Core/Src/syscalls.o
                0x0000000008002046                _write
 .text._close   0x000000000800207e       0x16 Core/Src/syscalls.o
                0x000000000800207e                _close
 .text._fstat   0x0000000008002094       0x1e Core/Src/syscalls.o
                0x0000000008002094                _fstat
 .text._isatty  0x00000000080020b2       0x14 Core/Src/syscalls.o
                0x00000000080020b2                _isatty
 .text._lseek   0x00000000080020c6       0x18 Core/Src/syscalls.o
                0x00000000080020c6                _lseek
 *fill*         0x00000000080020de        0x2 
 .text._sbrk    0x00000000080020e0       0x6c Core/Src/sysmem.o
                0x00000000080020e0                _sbrk
 .text.SystemInit
                0x000000000800214c       0x18 Core/Src/system_stm32l1xx.o
                0x000000000800214c                SystemInit
 .text.Reset_Handler
                0x0000000008002164       0x48 Core/Startup/startup_stm32l152retx.o
                0x0000000008002164                Reset_Handler
 .text.Default_Handler
                0x00000000080021ac        0x2 Core/Startup/startup_stm32l152retx.o
                0x00000000080021ac                RTC_Alarm_IRQHandler
                0x00000000080021ac                EXTI2_IRQHandler
                0x00000000080021ac                COMP_ACQ_IRQHandler
                0x00000000080021ac                TIM10_IRQHandler
                0x00000000080021ac                USB_HP_IRQHandler
                0x00000000080021ac                TIM6_IRQHandler
                0x00000000080021ac                PVD_IRQHandler
                0x00000000080021ac                EXTI3_IRQHandler
                0x00000000080021ac                EXTI0_IRQHandler
                0x00000000080021ac                I2C2_EV_IRQHandler
                0x00000000080021ac                SPI1_IRQHandler
                0x00000000080021ac                USB_FS_WKUP_IRQHandler
                0x00000000080021ac                DMA2_Channel2_IRQHandler
                0x00000000080021ac                DMA1_Channel4_IRQHandler
                0x00000000080021ac                ADC1_IRQHandler
                0x00000000080021ac                USART3_IRQHandler
                0x00000000080021ac                DMA1_Channel7_IRQHandler
                0x00000000080021ac                LCD_IRQHandler
                0x00000000080021ac                UART5_IRQHandler
                0x00000000080021ac                TIM4_IRQHandler
                0x00000000080021ac                DMA2_Channel1_IRQHandler
                0x00000000080021ac                I2C1_EV_IRQHandler
                0x00000000080021ac                DMA1_Channel6_IRQHandler
                0x00000000080021ac                UART4_IRQHandler
                0x00000000080021ac                DMA2_Channel4_IRQHandler
                0x00000000080021ac                RCC_IRQHandler
                0x00000000080021ac                DMA1_Channel1_IRQHandler
                0x00000000080021ac                Default_Handler
                0x00000000080021ac                TIM7_IRQHandler
                0x00000000080021ac                TIM5_IRQHandler
                0x00000000080021ac                EXTI9_5_IRQHandler
                0x00000000080021ac                TIM9_IRQHandler
                0x00000000080021ac                TAMPER_STAMP_IRQHandler
                0x00000000080021ac                RTC_WKUP_IRQHandler
                0x00000000080021ac                SPI2_IRQHandler
                0x00000000080021ac                DMA2_Channel5_IRQHandler
                0x00000000080021ac                DMA1_Channel5_IRQHandler
                0x00000000080021ac                USB_LP_IRQHandler
                0x00000000080021ac                EXTI4_IRQHandler
                0x00000000080021ac                DMA1_Channel3_IRQHandler
                0x00000000080021ac                COMP_IRQHandler
                0x00000000080021ac                WWDG_IRQHandler
                0x00000000080021ac                TIM2_IRQHandler
                0x00000000080021ac                DAC_IRQHandler
                0x00000000080021ac                EXTI1_IRQHandler
                0x00000000080021ac                TIM11_IRQHandler
                0x00000000080021ac                USART2_IRQHandler
                0x00000000080021ac                I2C2_ER_IRQHandler
                0x00000000080021ac                DMA1_Channel2_IRQHandler
                0x00000000080021ac                FLASH_IRQHandler
                0x00000000080021ac                USART1_IRQHandler
                0x00000000080021ac                SPI3_IRQHandler
                0x00000000080021ac                I2C1_ER_IRQHandler
                0x00000000080021ac                DMA2_Channel3_IRQHandler
 .text.HAL_Init
                0x00000000080021ae       0x30 Drivers/STM32L1xx_HAL_Driver/Src/stm32l1xx_hal.o
                0x00000000080021ae                HAL_Init
 *fill*         0x00000000080021de        0x2 
 .text.HAL_InitTick
                0x00000000080021e0       0x74 Drivers/STM32L1xx_HAL_Driver/Src/stm32l1xx_hal.o
                0x00000000080021e0                HAL_InitTick
 .text.HAL_IncTick
                0x0000000008002254       0x24 Drivers/STM32L1xx_HAL_Driver/Src/stm32l1xx_hal.o
                0x0000000008002254                HAL_IncTick
 .text.HAL_GetTick
                0x0000000008002278       0x14 Drivers/STM32L1xx_HAL_Driver/Src/stm32l1xx_hal.o
                0x0000000008002278                HAL_GetTick
 .text.HAL_Delay
                0x000000000800228c       0x44 Drivers/STM32L1xx_HAL_Driver/Src/stm32l1xx_hal.o
                0x000000000800228c                HAL_Delay
 .text.HAL_ADC_Init
                0x00000000080022d0      0x28c Drivers/STM32L1xx_HAL_Driver/Src/stm32l1xx_hal_adc.o
                0x00000000080022d0                HAL_ADC_Init
 .text.HAL_ADC_Start
                0x000000000800255c       0xc0 Drivers/STM32L1xx_HAL_Driver/Src/stm32l1xx_hal_adc.o
                0x000000000800255c                HAL_ADC_Start
 .text.HAL_ADC_Stop
                0x000000000800261c       0x58 Drivers/STM32L1xx_HAL_Driver/Src/stm32l1xx_hal_adc.o
                0x000000000800261c                HAL_ADC_Stop
 .text.HAL_ADC_PollForConversion
                0x0000000008002674      0x112 Drivers/STM32L1xx_HAL_Driver/Src/stm32l1xx_hal_adc.o
                0x0000000008002674                HAL_ADC_PollForConversion
 .text.HAL_ADC_GetValue
                0x0000000008002786       0x18 Drivers/STM32L1xx_HAL_Driver/Src/stm32l1xx_hal_adc.o
                0x0000000008002786                HAL_ADC_GetValue
 *fill*         0x000000000800279e        0x2 
 .text.HAL_ADC_ConfigChannel
                0x00000000080027a0      0x2d8 Drivers/STM32L1xx_HAL_Driver/Src/stm32l1xx_hal_adc.o
                0x00000000080027a0                HAL_ADC_ConfigChannel
 .text.ADC_Enable
                0x0000000008002a78       0xac Drivers/STM32L1xx_HAL_Driver/Src/stm32l1xx_hal_adc.o
                0x0000000008002a78                ADC_Enable
 .text.ADC_ConversionStop_Disable
                0x0000000008002b24       0x74 Drivers/STM32L1xx_HAL_Driver/Src/stm32l1xx_hal_adc.o
                0x0000000008002b24                ADC_ConversionStop_Disable
 .text.__NVIC_SetPriorityGrouping
                0x0000000008002b98       0x48 Drivers/STM32L1xx_HAL_Driver/Src/stm32l1xx_hal_cortex.o
 .text.__NVIC_GetPriorityGrouping
                0x0000000008002be0       0x1c Drivers/STM32L1xx_HAL_Driver/Src/stm32l1xx_hal_cortex.o
 .text.__NVIC_EnableIRQ
                0x0000000008002bfc       0x38 Drivers/STM32L1xx_HAL_Driver/Src/stm32l1xx_hal_cortex.o
 .text.__NVIC_SetPriority
                0x0000000008002c34       0x54 Drivers/STM32L1xx_HAL_Driver/Src/stm32l1xx_hal_cortex.o
 .text.NVIC_EncodePriority
                0x0000000008002c88       0x64 Drivers/STM32L1xx_HAL_Driver/Src/stm32l1xx_hal_cortex.o
 .text.SysTick_Config
                0x0000000008002cec       0x44 Drivers/STM32L1xx_HAL_Driver/Src/stm32l1xx_hal_cortex.o
 .text.HAL_NVIC_SetPriorityGrouping
                0x0000000008002d30       0x16 Drivers/STM32L1xx_HAL_Driver/Src/stm32l1xx_hal_cortex.o
                0x0000000008002d30                HAL_NVIC_SetPriorityGrouping
 .text.HAL_NVIC_SetPriority
                0x0000000008002d46       0x38 Drivers/STM32L1xx_HAL_Driver/Src/stm32l1xx_hal_cortex.o
                0x0000000008002d46                HAL_NVIC_SetPriority
 .text.HAL_NVIC_EnableIRQ
                0x0000000008002d7e       0x1c Drivers/STM32L1xx_HAL_Driver/Src/stm32l1xx_hal_cortex.o
                0x0000000008002d7e                HAL_NVIC_EnableIRQ
 .text.HAL_SYSTICK_Config
                0x0000000008002d9a       0x18 Drivers/STM32L1xx_HAL_Driver/Src/stm32l1xx_hal_cortex.o
                0x0000000008002d9a                HAL_SYSTICK_Config
 *fill*         0x0000000008002db2        0x2 
 .text.HAL_GPIO_Init
                0x0000000008002db4      0x31c Drivers/STM32L1xx_HAL_Driver/Src/stm32l1xx_hal_gpio.o
                0x0000000008002db4                HAL_GPIO_Init
 .text.HAL_GPIO_ReadPin
                0x00000000080030d0       0x2e Drivers/STM32L1xx_HAL_Driver/Src/stm32l1xx_hal_gpio.o
                0x00000000080030d0                HAL_GPIO_ReadPin
 .text.HAL_GPIO_WritePin
                0x00000000080030fe       0x30 Drivers/STM32L1xx_HAL_Driver/Src/stm32l1xx_hal_gpio.o
                0x00000000080030fe                HAL_GPIO_WritePin
 *fill*         0x000000000800312e        0x2 
 .text.HAL_I2C_Init
                0x0000000008003130      0x270 Drivers/STM32L1xx_HAL_Driver/Src/stm32l1xx_hal_i2c.o
                0x0000000008003130                HAL_I2C_Init
 .text.HAL_I2C_Master_Transmit
                0x00000000080033a0      0x1fc Drivers/STM32L1xx_HAL_Driver/Src/stm32l1xx_hal_i2c.o
                0x00000000080033a0                HAL_I2C_Master_Transmit
 .text.I2C_MasterRequestWrite
                0x000000000800359c      0x104 Drivers/STM32L1xx_HAL_Driver/Src/stm32l1xx_hal_i2c.o
 .text.I2C_WaitOnFlagUntilTimeout
                0x00000000080036a0       0xae Drivers/STM32L1xx_HAL_Driver/Src/stm32l1xx_hal_i2c.o
 .text.I2C_WaitOnMasterAddressFlagUntilTimeout
                0x000000000800374e       0xfe Drivers/STM32L1xx_HAL_Driver/Src/stm32l1xx_hal_i2c.o
 .text.I2C_WaitOnTXEFlagUntilTimeout
                0x000000000800384c       0x82 Drivers/STM32L1xx_HAL_Driver/Src/stm32l1xx_hal_i2c.o
 .text.I2C_WaitOnBTFFlagUntilTimeout
                0x00000000080038ce       0x82 Drivers/STM32L1xx_HAL_Driver/Src/stm32l1xx_hal_i2c.o
 .text.I2C_IsAcknowledgeFailed
                0x0000000008003950       0x5c Drivers/STM32L1xx_HAL_Driver/Src/stm32l1xx_hal_i2c.o
 .text.HAL_RCC_OscConfig
                0x00000000080039ac      0x660 Drivers/STM32L1xx_HAL_Driver/Src/stm32l1xx_hal_rcc.o
                0x00000000080039ac                HAL_RCC_OscConfig
 .text.HAL_RCC_ClockConfig
                0x000000000800400c      0x268 Drivers/STM32L1xx_HAL_Driver/Src/stm32l1xx_hal_rcc.o
                0x000000000800400c                HAL_RCC_ClockConfig
 .text.HAL_RCC_GetSysClockFreq
                0x0000000008004274      0x194 Drivers/STM32L1xx_HAL_Driver/Src/stm32l1xx_hal_rcc.o
                0x0000000008004274                HAL_RCC_GetSysClockFreq
 .text.HAL_RCC_GetHCLKFreq
                0x0000000008004408       0x14 Drivers/STM32L1xx_HAL_Driver/Src/stm32l1xx_hal_rcc.o
                0x0000000008004408                HAL_RCC_GetHCLKFreq
 .text.HAL_RCC_GetPCLK1Freq
                0x000000000800441c       0x28 Drivers/STM32L1xx_HAL_Driver/Src/stm32l1xx_hal_rcc.o
                0x000000000800441c                HAL_RCC_GetPCLK1Freq
 .text.HAL_RCC_GetPCLK2Freq
                0x0000000008004444       0x28 Drivers/STM32L1xx_HAL_Driver/Src/stm32l1xx_hal_rcc.o
                0x0000000008004444                HAL_RCC_GetPCLK2Freq
 .text.RCC_SetFlashLatencyFromMSIRange
                0x000000000800446c       0xc0 Drivers/STM32L1xx_HAL_Driver/Src/stm32l1xx_hal_rcc.o
 .text.HAL_TIM_Base_Init
                0x000000000800452c       0x7e Drivers/STM32L1xx_HAL_Driver/Src/stm32l1xx_hal_tim.o
                0x000000000800452c                HAL_TIM_Base_Init
 .text.HAL_TIM_PWM_Init
                0x00000000080045aa       0x7e Drivers/STM32L1xx_HAL_Driver/Src/stm32l1xx_hal_tim.o
                0x00000000080045aa                HAL_TIM_PWM_Init
 .text.HAL_TIM_PWM_Start
                0x0000000008004628      0x12c Drivers/STM32L1xx_HAL_Driver/Src/stm32l1xx_hal_tim.o
                0x0000000008004628                HAL_TIM_PWM_Start
 .text.HAL_TIM_PWM_Stop
                0x0000000008004754       0x7a Drivers/STM32L1xx_HAL_Driver/Src/stm32l1xx_hal_tim.o
                0x0000000008004754                HAL_TIM_PWM_Stop
 .text.HAL_TIM_IC_Init
                0x00000000080047ce       0x7e Drivers/STM32L1xx_HAL_Driver/Src/stm32l1xx_hal_tim.o
                0x00000000080047ce                HAL_TIM_IC_Init
 .text.HAL_TIM_IC_MspInit
                0x000000000800484c       0x12 Drivers/STM32L1xx_HAL_Driver/Src/stm32l1xx_hal_tim.o
                0x000000000800484c                HAL_TIM_IC_MspInit
 *fill*         0x000000000800485e        0x2 
 .text.HAL_TIM_IC_Start_IT
                0x0000000008004860      0x194 Drivers/STM32L1xx_HAL_Driver/Src/stm32l1xx_hal_tim.o
                0x0000000008004860                HAL_TIM_IC_Start_IT
 .text.HAL_TIM_IC_Stop_IT
                0x00000000080049f4      0x108 Drivers/STM32L1xx_HAL_Driver/Src/stm32l1xx_hal_tim.o
                0x00000000080049f4                HAL_TIM_IC_Stop_IT
 .text.HAL_TIM_IC_ConfigChannel
                0x0000000008004afc      0x128 Drivers/STM32L1xx_HAL_Driver/Src/stm32l1xx_hal_tim.o
                0x0000000008004afc                HAL_TIM_IC_ConfigChannel
 .text.HAL_TIM_PWM_ConfigChannel
                0x0000000008004c24      0x17c Drivers/STM32L1xx_HAL_Driver/Src/stm32l1xx_hal_tim.o
                0x0000000008004c24                HAL_TIM_PWM_ConfigChannel
 .text.HAL_TIM_ConfigClockSource
                0x0000000008004da0      0x16e Drivers/STM32L1xx_HAL_Driver/Src/stm32l1xx_hal_tim.o
                0x0000000008004da0                HAL_TIM_ConfigClockSource
 *fill*         0x0000000008004f0e        0x2 
 .text.HAL_TIM_ReadCapturedValue
                0x0000000008004f10       0x88 Drivers/STM32L1xx_HAL_Driver/Src/stm32l1xx_hal_tim.o
                0x0000000008004f10                HAL_TIM_ReadCapturedValue
 .text.TIM_Base_SetConfig
                0x0000000008004f98       0xe0 Drivers/STM32L1xx_HAL_Driver/Src/stm32l1xx_hal_tim.o
 .text.TIM_OC1_SetConfig
                0x0000000008005078       0x78 Drivers/STM32L1xx_HAL_Driver/Src/stm32l1xx_hal_tim.o
 .text.TIM_OC2_SetConfig
                0x00000000080050f0       0x7c Drivers/STM32L1xx_HAL_Driver/Src/stm32l1xx_hal_tim.o
 .text.TIM_OC3_SetConfig
                0x000000000800516c       0x7a Drivers/STM32L1xx_HAL_Driver/Src/stm32l1xx_hal_tim.o
 .text.TIM_OC4_SetConfig
                0x00000000080051e6       0x7c Drivers/STM32L1xx_HAL_Driver/Src/stm32l1xx_hal_tim.o
 *fill*         0x0000000008005262        0x2 
 .text.TIM_TI1_SetConfig
                0x0000000008005264       0xc0 Drivers/STM32L1xx_HAL_Driver/Src/stm32l1xx_hal_tim.o
 .text.TIM_TI1_ConfigInputStage
                0x0000000008005324       0x5c Drivers/STM32L1xx_HAL_Driver/Src/stm32l1xx_hal_tim.o
 .text.TIM_TI2_SetConfig
                0x0000000008005380       0x78 Drivers/STM32L1xx_HAL_Driver/Src/stm32l1xx_hal_tim.o
 .text.TIM_TI2_ConfigInputStage
                0x00000000080053f8       0x5e Drivers/STM32L1xx_HAL_Driver/Src/stm32l1xx_hal_tim.o
 .text.TIM_TI3_SetConfig
                0x0000000008005456       0x76 Drivers/STM32L1xx_HAL_Driver/Src/stm32l1xx_hal_tim.o
 .text.TIM_TI4_SetConfig
                0x00000000080054cc       0x78 Drivers/STM32L1xx_HAL_Driver/Src/stm32l1xx_hal_tim.o
 .text.TIM_ITRx_SetConfig
                0x0000000008005544       0x34 Drivers/STM32L1xx_HAL_Driver/Src/stm32l1xx_hal_tim.o
 .text.TIM_ETR_SetConfig
                0x0000000008005578       0x3e Drivers/STM32L1xx_HAL_Driver/Src/stm32l1xx_hal_tim.o
 .text.TIM_CCxChannelCmd
                0x00000000080055b6       0x48 Drivers/STM32L1xx_HAL_Driver/Src/stm32l1xx_hal_tim.o
 *fill*         0x00000000080055fe        0x2 
 .text.HAL_TIMEx_MasterConfigSynchronization
                0x0000000008005600       0xbc Drivers/STM32L1xx_HAL_Driver/Src/stm32l1xx_hal_tim_ex.o
                0x0000000008005600                HAL_TIMEx_MasterConfigSynchronization
 .text.HAL_UART_Init
                0x00000000080056bc       0x9a Drivers/STM32L1xx_HAL_Driver/Src/stm32l1xx_hal_uart.o
                0x00000000080056bc                HAL_UART_Init
 .text.HAL_UART_Transmit
                0x0000000008005756      0x132 Drivers/STM32L1xx_HAL_Driver/Src/stm32l1xx_hal_uart.o
                0x0000000008005756                HAL_UART_Transmit
 .text.HAL_UART_Receive
                0x0000000008005888      0x14c Drivers/STM32L1xx_HAL_Driver/Src/stm32l1xx_hal_uart.o
                0x0000000008005888                HAL_UART_Receive
 .text.UART_WaitOnFlagUntilTimeout
                0x00000000080059d4       0x94 Drivers/STM32L1xx_HAL_Driver/Src/stm32l1xx_hal_uart.o
 .text.UART_SetConfig
                0x0000000008005a68      0x1c8 Drivers/STM32L1xx_HAL_Driver/Src/stm32l1xx_hal_uart.o
 .text.__errno  0x0000000008005c30        0xc c:/st/stm32cubeide_1.2.0/stm32cubeide/plugins/com.st.stm32cube.ide.mcu.externaltools.gnu-tools-for-stm32.7-2018-q2-update.win32_1.5.0.202011040924/tools/bin/../lib/gcc/arm-none-eabi/7.3.1/../../../../arm-none-eabi/lib/thumb/v7-m\libc_nano.a(lib_a-errno.o)
                0x0000000008005c30                __errno
 .text.__libc_init_array
                0x0000000008005c3c       0x48 c:/st/stm32cubeide_1.2.0/stm32cubeide/plugins/com.st.stm32cube.ide.mcu.externaltools.gnu-tools-for-stm32.7-2018-q2-update.win32_1.5.0.202011040924/tools/bin/../lib/gcc/arm-none-eabi/7.3.1/../../../../arm-none-eabi/lib/thumb/v7-m\libc_nano.a(lib_a-init.o)
                0x0000000008005c3c                __libc_init_array
 .text.memcpy   0x0000000008005c84       0x16 c:/st/stm32cubeide_1.2.0/stm32cubeide/plugins/com.st.stm32cube.ide.mcu.externaltools.gnu-tools-for-stm32.7-2018-q2-update.win32_1.5.0.202011040924/tools/bin/../lib/gcc/arm-none-eabi/7.3.1/../../../../arm-none-eabi/lib/thumb/v7-m\libc_nano.a(lib_a-memcpy-stub.o)
                0x0000000008005c84                memcpy
 .text.memset   0x0000000008005c9a       0x10 c:/st/stm32cubeide_1.2.0/stm32cubeide/plugins/com.st.stm32cube.ide.mcu.externaltools.gnu-tools-for-stm32.7-2018-q2-update.win32_1.5.0.202011040924/tools/bin/../lib/gcc/arm-none-eabi/7.3.1/../../../../arm-none-eabi/lib/thumb/v7-m\libc_nano.a(lib_a-memset.o)
                0x0000000008005c9a                memset
 *fill*         0x0000000008005caa        0x2 
 .text.printf   0x0000000008005cac       0x30 c:/st/stm32cubeide_1.2.0/stm32cubeide/plugins/com.st.stm32cube.ide.mcu.externaltools.gnu-tools-for-stm32.7-2018-q2-update.win32_1.5.0.202011040924/tools/bin/../lib/gcc/arm-none-eabi/7.3.1/../../../../arm-none-eabi/lib/thumb/v7-m\libc_nano.a(lib_a-printf.o)
                0x0000000008005cac                iprintf
                0x0000000008005cac                printf
 .text._puts_r  0x0000000008005cdc       0xb8 c:/st/stm32cubeide_1.2.0/stm32cubeide/plugins/com.st.stm32cube.ide.mcu.externaltools.gnu-tools-for-stm32.7-2018-q2-update.win32_1.5.0.202011040924/tools/bin/../lib/gcc/arm-none-eabi/7.3.1/../../../../arm-none-eabi/lib/thumb/v7-m\libc_nano.a(lib_a-puts.o)
                0x0000000008005cdc                _puts_r
 .text.puts     0x0000000008005d94       0x10 c:/st/stm32cubeide_1.2.0/stm32cubeide/plugins/com.st.stm32cube.ide.mcu.externaltools.gnu-tools-for-stm32.7-2018-q2-update.win32_1.5.0.202011040924/tools/bin/../lib/gcc/arm-none-eabi/7.3.1/../../../../arm-none-eabi/lib/thumb/v7-m\libc_nano.a(lib_a-puts.o)
                0x0000000008005d94                puts
 .text.__swbuf_r
                0x0000000008005da4       0xa4 c:/st/stm32cubeide_1.2.0/stm32cubeide/plugins/com.st.stm32cube.ide.mcu.externaltools.gnu-tools-for-stm32.7-2018-q2-update.win32_1.5.0.202011040924/tools/bin/../lib/gcc/arm-none-eabi/7.3.1/../../../../arm-none-eabi/lib/thumb/v7-m\libc_nano.a(lib_a-wbuf.o)
                0x0000000008005da4                __swbuf_r
 .text.__swsetup_r
                0x0000000008005e48       0xdc c:/st/stm32cubeide_1.2.0/stm32cubeide/plugins/com.st.stm32cube.ide.mcu.externaltools.gnu-tools-for-stm32.7-2018-q2-update.win32_1.5.0.202011040924/tools/bin/../lib/gcc/arm-none-eabi/7.3.1/../../../../arm-none-eabi/lib/thumb/v7-m\libc_nano.a(lib_a-wsetup.o)
                0x0000000008005e48                __swsetup_r
 .text.__sflush_r
                0x0000000008005f24      0x10c c:/st/stm32cubeide_1.2.0/stm32cubeide/plugins/com.st.stm32cube.ide.mcu.externaltools.gnu-tools-for-stm32.7-2018-q2-update.win32_1.5.0.202011040924/tools/bin/../lib/gcc/arm-none-eabi/7.3.1/../../../../arm-none-eabi/lib/thumb/v7-m\libc_nano.a(lib_a-fflush.o)
                0x0000000008005f24                __sflush_r
 .text._fflush_r
                0x0000000008006030       0x54 c:/st/stm32cubeide_1.2.0/stm32cubeide/plugins/com.st.stm32cube.ide.mcu.externaltools.gnu-tools-for-stm32.7-2018-q2-update.win32_1.5.0.202011040924/tools/bin/../lib/gcc/arm-none-eabi/7.3.1/../../../../arm-none-eabi/lib/thumb/v7-m\libc_nano.a(lib_a-fflush.o)
                0x0000000008006030                _fflush_r
 .text.std      0x0000000008006084       0x48 c:/st/stm32cubeide_1.2.0/stm32cubeide/plugins/com.st.stm32cube.ide.mcu.externaltools.gnu-tools-for-stm32.7-2018-q2-update.win32_1.5.0.202011040924/tools/bin/../lib/gcc/arm-none-eabi/7.3.1/../../../../arm-none-eabi/lib/thumb/v7-m\libc_nano.a(lib_a-findfp.o)
 .text._cleanup_r
                0x00000000080060cc        0xc c:/st/stm32cubeide_1.2.0/stm32cubeide/plugins/com.st.stm32cube.ide.mcu.externaltools.gnu-tools-for-stm32.7-2018-q2-update.win32_1.5.0.202011040924/tools/bin/../lib/gcc/arm-none-eabi/7.3.1/../../../../arm-none-eabi/lib/thumb/v7-m\libc_nano.a(lib_a-findfp.o)
                0x00000000080060cc                _cleanup_r
 .text.__sfmoreglue
                0x00000000080060d8       0x2c c:/st/stm32cubeide_1.2.0/stm32cubeide/plugins/com.st.stm32cube.ide.mcu.externaltools.gnu-tools-for-stm32.7-2018-q2-update.win32_1.5.0.202011040924/tools/bin/../lib/gcc/arm-none-eabi/7.3.1/../../../../arm-none-eabi/lib/thumb/v7-m\libc_nano.a(lib_a-findfp.o)
                0x00000000080060d8                __sfmoreglue
 .text.__sinit  0x0000000008006104       0x60 c:/st/stm32cubeide_1.2.0/stm32cubeide/plugins/com.st.stm32cube.ide.mcu.externaltools.gnu-tools-for-stm32.7-2018-q2-update.win32_1.5.0.202011040924/tools/bin/../lib/gcc/arm-none-eabi/7.3.1/../../../../arm-none-eabi/lib/thumb/v7-m\libc_nano.a(lib_a-findfp.o)
                0x0000000008006104                __sinit
 .text.__sfp    0x0000000008006164       0x78 c:/st/stm32cubeide_1.2.0/stm32cubeide/plugins/com.st.stm32cube.ide.mcu.externaltools.gnu-tools-for-stm32.7-2018-q2-update.win32_1.5.0.202011040924/tools/bin/../lib/gcc/arm-none-eabi/7.3.1/../../../../arm-none-eabi/lib/thumb/v7-m\libc_nano.a(lib_a-findfp.o)
                0x0000000008006164                __sfp
 .text._fwalk_reent
                0x00000000080061dc       0x3c c:/st/stm32cubeide_1.2.0/stm32cubeide/plugins/com.st.stm32cube.ide.mcu.externaltools.gnu-tools-for-stm32.7-2018-q2-update.win32_1.5.0.202011040924/tools/bin/../lib/gcc/arm-none-eabi/7.3.1/../../../../arm-none-eabi/lib/thumb/v7-m\libc_nano.a(lib_a-fwalk.o)
                0x00000000080061dc                _fwalk_reent
 .text.__swhatbuf_r
                0x0000000008006218       0x48 c:/st/stm32cubeide_1.2.0/stm32cubeide/plugins/com.st.stm32cube.ide.mcu.externaltools.gnu-tools-for-stm32.7-2018-q2-update.win32_1.5.0.202011040924/tools/bin/../lib/gcc/arm-none-eabi/7.3.1/../../../../arm-none-eabi/lib/thumb/v7-m\libc_nano.a(lib_a-makebuf.o)
                0x0000000008006218                __swhatbuf_r
 .text.__smakebuf_r
                0x0000000008006260       0x80 c:/st/stm32cubeide_1.2.0/stm32cubeide/plugins/com.st.stm32cube.ide.mcu.externaltools.gnu-tools-for-stm32.7-2018-q2-update.win32_1.5.0.202011040924/tools/bin/../lib/gcc/arm-none-eabi/7.3.1/../../../../arm-none-eabi/lib/thumb/v7-m\libc_nano.a(lib_a-makebuf.o)
                0x0000000008006260                __smakebuf_r
 .text._free_r  0x00000000080062e0       0x98 c:/st/stm32cubeide_1.2.0/stm32cubeide/plugins/com.st.stm32cube.ide.mcu.externaltools.gnu-tools-for-stm32.7-2018-q2-update.win32_1.5.0.202011040924/tools/bin/../lib/gcc/arm-none-eabi/7.3.1/../../../../arm-none-eabi/lib/thumb/v7-m\libc_nano.a(lib_a-nano-freer.o)
                0x00000000080062e0                _free_r
 .text._malloc_r
                0x0000000008006378       0xb4 c:/st/stm32cubeide_1.2.0/stm32cubeide/plugins/com.st.stm32cube.ide.mcu.externaltools.gnu-tools-for-stm32.7-2018-q2-update.win32_1.5.0.202011040924/tools/bin/../lib/gcc/arm-none-eabi/7.3.1/../../../../arm-none-eabi/lib/thumb/v7-m\libc_nano.a(lib_a-nano-mallocr.o)
                0x0000000008006378                _malloc_r
 .text.__sfputc_r
                0x000000000800642c       0x2a c:/st/stm32cubeide_1.2.0/stm32cubeide/plugins/com.st.stm32cube.ide.mcu.externaltools.gnu-tools-for-stm32.7-2018-q2-update.win32_1.5.0.202011040924/tools/bin/../lib/gcc/arm-none-eabi/7.3.1/../../../../arm-none-eabi/lib/thumb/v7-m\libc_nano.a(lib_a-nano-vfprintf.o)
 .text.__sfputs_r
                0x0000000008006456       0x24 c:/st/stm32cubeide_1.2.0/stm32cubeide/plugins/com.st.stm32cube.ide.mcu.externaltools.gnu-tools-for-stm32.7-2018-q2-update.win32_1.5.0.202011040924/tools/bin/../lib/gcc/arm-none-eabi/7.3.1/../../../../arm-none-eabi/lib/thumb/v7-m\libc_nano.a(lib_a-nano-vfprintf.o)
                0x0000000008006456                __sfputs_r
 *fill*         0x000000000800647a        0x2 
 .text._vfprintf_r
                0x000000000800647c      0x22c c:/st/stm32cubeide_1.2.0/stm32cubeide/plugins/com.st.stm32cube.ide.mcu.externaltools.gnu-tools-for-stm32.7-2018-q2-update.win32_1.5.0.202011040924/tools/bin/../lib/gcc/arm-none-eabi/7.3.1/../../../../arm-none-eabi/lib/thumb/v7-m\libc_nano.a(lib_a-nano-vfprintf.o)
                0x000000000800647c                _vfprintf_r
                0x000000000800647c                _vfiprintf_r
 .text._printf_common
                0x00000000080066a8       0xec c:/st/stm32cubeide_1.2.0/stm32cubeide/plugins/com.st.stm32cube.ide.mcu.externaltools.gnu-tools-for-stm32.7-2018-q2-update.win32_1.5.0.202011040924/tools/bin/../lib/gcc/arm-none-eabi/7.3.1/../../../../arm-none-eabi/lib/thumb/v7-m\libc_nano.a(lib_a-nano-vfprintf_i.o)
                0x00000000080066a8                _printf_common
 .text._printf_i
                0x0000000008006794      0x224 c:/st/stm32cubeide_1.2.0/stm32cubeide/plugins/com.st.stm32cube.ide.mcu.externaltools.gnu-tools-for-stm32.7-2018-q2-update.win32_1.5.0.202011040924/tools/bin/../lib/gcc/arm-none-eabi/7.3.1/../../../../arm-none-eabi/lib/thumb/v7-m\libc_nano.a(lib_a-nano-vfprintf_i.o)
                0x0000000008006794                _printf_i
 .text._sbrk_r  0x00000000080069b8       0x20 c:/st/stm32cubeide_1.2.0/stm32cubeide/plugins/com.st.stm32cube.ide.mcu.externaltools.gnu-tools-for-stm32.7-2018-q2-update.win32_1.5.0.202011040924/tools/bin/../lib/gcc/arm-none-eabi/7.3.1/../../../../arm-none-eabi/lib/thumb/v7-m\libc_nano.a(lib_a-sbrkr.o)
                0x00000000080069b8                _sbrk_r
 .text.__sread  0x00000000080069d8       0x22 c:/st/stm32cubeide_1.2.0/stm32cubeide/plugins/com.st.stm32cube.ide.mcu.externaltools.gnu-tools-for-stm32.7-2018-q2-update.win32_1.5.0.202011040924/tools/bin/../lib/gcc/arm-none-eabi/7.3.1/../../../../arm-none-eabi/lib/thumb/v7-m\libc_nano.a(lib_a-stdio.o)
                0x00000000080069d8                __sread
 .text.__swrite
                0x00000000080069fa       0x38 c:/st/stm32cubeide_1.2.0/stm32cubeide/plugins/com.st.stm32cube.ide.mcu.externaltools.gnu-tools-for-stm32.7-2018-q2-update.win32_1.5.0.202011040924/tools/bin/../lib/gcc/arm-none-eabi/7.3.1/../../../../arm-none-eabi/lib/thumb/v7-m\libc_nano.a(lib_a-stdio.o)
                0x00000000080069fa                __swrite
 .text.__sseek  0x0000000008006a32       0x24 c:/st/stm32cubeide_1.2.0/stm32cubeide/plugins/com.st.stm32cube.ide.mcu.externaltools.gnu-tools-for-stm32.7-2018-q2-update.win32_1.5.0.202011040924/tools/bin/../lib/gcc/arm-none-eabi/7.3.1/../../../../arm-none-eabi/lib/thumb/v7-m\libc_nano.a(lib_a-stdio.o)
                0x0000000008006a32                __sseek
 .text.__sclose
                0x0000000008006a56        0x8 c:/st/stm32cubeide_1.2.0/stm32cubeide/plugins/com.st.stm32cube.ide.mcu.externaltools.gnu-tools-for-stm32.7-2018-q2-update.win32_1.5.0.202011040924/tools/bin/../lib/gcc/arm-none-eabi/7.3.1/../../../../arm-none-eabi/lib/thumb/v7-m\libc_nano.a(lib_a-stdio.o)
                0x0000000008006a56                __sclose
 *fill*         0x0000000008006a5e        0x2 
 .text._write_r
                0x0000000008006a60       0x24 c:/st/stm32cubeide_1.2.0/stm32cubeide/plugins/com.st.stm32cube.ide.mcu.externaltools.gnu-tools-for-stm32.7-2018-q2-update.win32_1.5.0.202011040924/tools/bin/../lib/gcc/arm-none-eabi/7.3.1/../../../../arm-none-eabi/lib/thumb/v7-m\libc_nano.a(lib_a-writer.o)
                0x0000000008006a60                _write_r
 .text._close_r
                0x0000000008006a84       0x20 c:/st/stm32cubeide_1.2.0/stm32cubeide/plugins/com.st.stm32cube.ide.mcu.externaltools.gnu-tools-for-stm32.7-2018-q2-update.win32_1.5.0.202011040924/tools/bin/../lib/gcc/arm-none-eabi/7.3.1/../../../../arm-none-eabi/lib/thumb/v7-m\libc_nano.a(lib_a-closer.o)
                0x0000000008006a84                _close_r
 .text._fstat_r
                0x0000000008006aa4       0x24 c:/st/stm32cubeide_1.2.0/stm32cubeide/plugins/com.st.stm32cube.ide.mcu.externaltools.gnu-tools-for-stm32.7-2018-q2-update.win32_1.5.0.202011040924/tools/bin/../lib/gcc/arm-none-eabi/7.3.1/../../../../arm-none-eabi/lib/thumb/v7-m\libc_nano.a(lib_a-fstatr.o)
                0x0000000008006aa4                _fstat_r
 .text._isatty_r
                0x0000000008006ac8       0x20 c:/st/stm32cubeide_1.2.0/stm32cubeide/plugins/com.st.stm32cube.ide.mcu.externaltools.gnu-tools-for-stm32.7-2018-q2-update.win32_1.5.0.202011040924/tools/bin/../lib/gcc/arm-none-eabi/7.3.1/../../../../arm-none-eabi/lib/thumb/v7-m\libc_nano.a(lib_a-isattyr.o)
                0x0000000008006ac8                _isatty_r
 .text._lseek_r
                0x0000000008006ae8       0x24 c:/st/stm32cubeide_1.2.0/stm32cubeide/plugins/com.st.stm32cube.ide.mcu.externaltools.gnu-tools-for-stm32.7-2018-q2-update.win32_1.5.0.202011040924/tools/bin/../lib/gcc/arm-none-eabi/7.3.1/../../../../arm-none-eabi/lib/thumb/v7-m\libc_nano.a(lib_a-lseekr.o)
                0x0000000008006ae8                _lseek_r
 .text.memchr   0x0000000008006b0c       0x1c c:/st/stm32cubeide_1.2.0/stm32cubeide/plugins/com.st.stm32cube.ide.mcu.externaltools.gnu-tools-for-stm32.7-2018-q2-update.win32_1.5.0.202011040924/tools/bin/../lib/gcc/arm-none-eabi/7.3.1/../../../../arm-none-eabi/lib/thumb/v7-m\libc_nano.a(lib_a-memchr-stub.o)
                0x0000000008006b0c                memchr
 .text.__malloc_lock
                0x0000000008006b28        0x2 c:/st/stm32cubeide_1.2.0/stm32cubeide/plugins/com.st.stm32cube.ide.mcu.externaltools.gnu-tools-for-stm32.7-2018-q2-update.win32_1.5.0.202011040924/tools/bin/../lib/gcc/arm-none-eabi/7.3.1/../../../../arm-none-eabi/lib/thumb/v7-m\libc_nano.a(lib_a-mlock.o)
                0x0000000008006b28                __malloc_lock
 .text.__malloc_unlock
                0x0000000008006b2a        0x2 c:/st/stm32cubeide_1.2.0/stm32cubeide/plugins/com.st.stm32cube.ide.mcu.externaltools.gnu-tools-for-stm32.7-2018-q2-update.win32_1.5.0.202011040924/tools/bin/../lib/gcc/arm-none-eabi/7.3.1/../../../../arm-none-eabi/lib/thumb/v7-m\libc_nano.a(lib_a-mlock.o)
                0x0000000008006b2a                __malloc_unlock
 .text._read_r  0x0000000008006b2c       0x24 c:/st/stm32cubeide_1.2.0/stm32cubeide/plugins/com.st.stm32cube.ide.mcu.externaltools.gnu-tools-for-stm32.7-2018-q2-update.win32_1.5.0.202011040924/tools/bin/../lib/gcc/arm-none-eabi/7.3.1/../../../../arm-none-eabi/lib/thumb/v7-m\libc_nano.a(lib_a-readr.o)
                0x0000000008006b2c                _read_r
 *(.glue_7)
 .glue_7        0x0000000008006b50        0x0 linker stubs
 *(.glue_7t)
 .glue_7t       0x0000000008006b50        0x0 linker stubs
 *(.eh_frame)
 .eh_frame      0x0000000008006b50        0x0 c:/st/stm32cubeide_1.2.0/stm32cubeide/plugins/com.st.stm32cube.ide.mcu.externaltools.gnu-tools-for-stm32.7-2018-q2-update.win32_1.5.0.202011040924/tools/bin/../lib/gcc/arm-none-eabi/7.3.1/thumb/v7-m/crtbegin.o
 *(.init)
 .init          0x0000000008006b50        0x4 c:/st/stm32cubeide_1.2.0/stm32cubeide/plugins/com.st.stm32cube.ide.mcu.externaltools.gnu-tools-for-stm32.7-2018-q2-update.win32_1.5.0.202011040924/tools/bin/../lib/gcc/arm-none-eabi/7.3.1/thumb/v7-m/crti.o
                0x0000000008006b50                _init
 .init          0x0000000008006b54        0x8 c:/st/stm32cubeide_1.2.0/stm32cubeide/plugins/com.st.stm32cube.ide.mcu.externaltools.gnu-tools-for-stm32.7-2018-q2-update.win32_1.5.0.202011040924/tools/bin/../lib/gcc/arm-none-eabi/7.3.1/thumb/v7-m/crtn.o
 *(.fini)
 .fini          0x0000000008006b5c        0x4 c:/st/stm32cubeide_1.2.0/stm32cubeide/plugins/com.st.stm32cube.ide.mcu.externaltools.gnu-tools-for-stm32.7-2018-q2-update.win32_1.5.0.202011040924/tools/bin/../lib/gcc/arm-none-eabi/7.3.1/thumb/v7-m/crti.o
                0x0000000008006b5c                _fini
 .fini          0x0000000008006b60        0x8 c:/st/stm32cubeide_1.2.0/stm32cubeide/plugins/com.st.stm32cube.ide.mcu.externaltools.gnu-tools-for-stm32.7-2018-q2-update.win32_1.5.0.202011040924/tools/bin/../lib/gcc/arm-none-eabi/7.3.1/thumb/v7-m/crtn.o
                0x0000000008006b68                . = ALIGN (0x4)
                0x0000000008006b68                _etext = .

.vfp11_veneer   0x0000000008006b68        0x0
 .vfp11_veneer  0x0000000008006b68        0x0 linker stubs

.v4_bx          0x0000000008006b68        0x0
 .v4_bx         0x0000000008006b68        0x0 linker stubs

.iplt           0x0000000008006b68        0x0
 .iplt          0x0000000008006b68        0x0 c:/st/stm32cubeide_1.2.0/stm32cubeide/plugins/com.st.stm32cube.ide.mcu.externaltools.gnu-tools-for-stm32.7-2018-q2-update.win32_1.5.0.202011040924/tools/bin/../lib/gcc/arm-none-eabi/7.3.1/thumb/v7-m/crtbegin.o

.rodata         0x0000000008006b68      0x318
                0x0000000008006b68                . = ALIGN (0x4)
 *(.rodata)
 .rodata        0x0000000008006b68      0x25a Core/Src/main.o
 *(.rodata*)
 *fill*         0x0000000008006dc2        0x2 
 .rodata.PLLMulTable
                0x0000000008006dc4        0x9 Core/Src/system_stm32l1xx.o
                0x0000000008006dc4                PLLMulTable
 *fill*         0x0000000008006dcd        0x3 
 .rodata.AHBPrescTable
                0x0000000008006dd0       0x10 Core/Src/system_stm32l1xx.o
                0x0000000008006dd0                AHBPrescTable
 .rodata.APBPrescTable
                0x0000000008006de0        0x8 Core/Src/system_stm32l1xx.o
                0x0000000008006de0                APBPrescTable
 .rodata._global_impure_ptr
                0x0000000008006de8        0x4 c:/st/stm32cubeide_1.2.0/stm32cubeide/plugins/com.st.stm32cube.ide.mcu.externaltools.gnu-tools-for-stm32.7-2018-q2-update.win32_1.5.0.202011040924/tools/bin/../lib/gcc/arm-none-eabi/7.3.1/../../../../arm-none-eabi/lib/thumb/v7-m\libc_nano.a(lib_a-impure.o)
                0x0000000008006de8                _global_impure_ptr
 .rodata.__sf_fake_stderr
                0x0000000008006dec       0x20 c:/st/stm32cubeide_1.2.0/stm32cubeide/plugins/com.st.stm32cube.ide.mcu.externaltools.gnu-tools-for-stm32.7-2018-q2-update.win32_1.5.0.202011040924/tools/bin/../lib/gcc/arm-none-eabi/7.3.1/../../../../arm-none-eabi/lib/thumb/v7-m\libc_nano.a(lib_a-findfp.o)
                0x0000000008006dec                __sf_fake_stderr
 .rodata.__sf_fake_stdin
                0x0000000008006e0c       0x20 c:/st/stm32cubeide_1.2.0/stm32cubeide/plugins/com.st.stm32cube.ide.mcu.externaltools.gnu-tools-for-stm32.7-2018-q2-update.win32_1.5.0.202011040924/tools/bin/../lib/gcc/arm-none-eabi/7.3.1/../../../../arm-none-eabi/lib/thumb/v7-m\libc_nano.a(lib_a-findfp.o)
                0x0000000008006e0c                __sf_fake_stdin
 .rodata.__sf_fake_stdout
                0x0000000008006e2c       0x20 c:/st/stm32cubeide_1.2.0/stm32cubeide/plugins/com.st.stm32cube.ide.mcu.externaltools.gnu-tools-for-stm32.7-2018-q2-update.win32_1.5.0.202011040924/tools/bin/../lib/gcc/arm-none-eabi/7.3.1/../../../../arm-none-eabi/lib/thumb/v7-m\libc_nano.a(lib_a-findfp.o)
                0x0000000008006e2c                __sf_fake_stdout
 .rodata._vfprintf_r.str1.1
                0x0000000008006e4c       0x11 c:/st/stm32cubeide_1.2.0/stm32cubeide/plugins/com.st.stm32cube.ide.mcu.externaltools.gnu-tools-for-stm32.7-2018-q2-update.win32_1.5.0.202011040924/tools/bin/../lib/gcc/arm-none-eabi/7.3.1/../../../../arm-none-eabi/lib/thumb/v7-m\libc_nano.a(lib_a-nano-vfprintf.o)
 .rodata._printf_i.str1.1
                0x0000000008006e5d       0x22 c:/st/stm32cubeide_1.2.0/stm32cubeide/plugins/com.st.stm32cube.ide.mcu.externaltools.gnu-tools-for-stm32.7-2018-q2-update.win32_1.5.0.202011040924/tools/bin/../lib/gcc/arm-none-eabi/7.3.1/../../../../arm-none-eabi/lib/thumb/v7-m\libc_nano.a(lib_a-nano-vfprintf_i.o)
                0x0000000008006e80                . = ALIGN (0x4)
 *fill*         0x0000000008006e7f        0x1 

.ARM.extab      0x0000000008006e80        0x0
                0x0000000008006e80                . = ALIGN (0x4)
 *(.ARM.extab* .gnu.linkonce.armextab.*)
                0x0000000008006e80                . = ALIGN (0x4)

.ARM            0x0000000008006e80        0x8
                0x0000000008006e80                . = ALIGN (0x4)
                0x0000000008006e80                __exidx_start = .
 *(.ARM.exidx*)
 .ARM.exidx     0x0000000008006e80        0x8 c:/st/stm32cubeide_1.2.0/stm32cubeide/plugins/com.st.stm32cube.ide.mcu.externaltools.gnu-tools-for-stm32.7-2018-q2-update.win32_1.5.0.202011040924/tools/bin/../lib/gcc/arm-none-eabi/7.3.1/thumb/v7-m\libgcc.a(_udivmoddi4.o)
                0x0000000008006e88                __exidx_end = .
                0x0000000008006e88                . = ALIGN (0x4)

.rel.dyn        0x0000000008006e88        0x0
 .rel.iplt      0x0000000008006e88        0x0 c:/st/stm32cubeide_1.2.0/stm32cubeide/plugins/com.st.stm32cube.ide.mcu.externaltools.gnu-tools-for-stm32.7-2018-q2-update.win32_1.5.0.202011040924/tools/bin/../lib/gcc/arm-none-eabi/7.3.1/thumb/v7-m/crtbegin.o

.preinit_array  0x0000000008006e88        0x0
                0x0000000008006e88                . = ALIGN (0x4)
                0x0000000008006e88                PROVIDE (__preinit_array_start = .)
 *(.preinit_array*)
                0x0000000008006e88                PROVIDE (__preinit_array_end = .)
                0x0000000008006e88                . = ALIGN (0x4)

.init_array     0x0000000008006e88        0x4
                0x0000000008006e88                . = ALIGN (0x4)
                0x0000000008006e88                PROVIDE (__init_array_start = .)
 *(SORT_BY_NAME(.init_array.*))
 *(.init_array*)
 .init_array    0x0000000008006e88        0x4 c:/st/stm32cubeide_1.2.0/stm32cubeide/plugins/com.st.stm32cube.ide.mcu.externaltools.gnu-tools-for-stm32.7-2018-q2-update.win32_1.5.0.202011040924/tools/bin/../lib/gcc/arm-none-eabi/7.3.1/thumb/v7-m/crtbegin.o
                0x0000000008006e8c                PROVIDE (__init_array_end = .)
                0x0000000008006e8c                . = ALIGN (0x4)

.fini_array     0x0000000008006e8c        0x4
                0x0000000008006e8c                . = ALIGN (0x4)
                [!provide]                        PROVIDE (__fini_array_start = .)
 *(SORT_BY_NAME(.fini_array.*))
 *(.fini_array*)
 .fini_array    0x0000000008006e8c        0x4 c:/st/stm32cubeide_1.2.0/stm32cubeide/plugins/com.st.stm32cube.ide.mcu.externaltools.gnu-tools-for-stm32.7-2018-q2-update.win32_1.5.0.202011040924/tools/bin/../lib/gcc/arm-none-eabi/7.3.1/thumb/v7-m/crtbegin.o
                [!provide]                        PROVIDE (__fini_array_end = .)
                0x0000000008006e90                . = ALIGN (0x4)
                0x0000000008006e90                _sidata = LOADADDR (.data)

.data           0x0000000020000000       0x7c load address 0x0000000008006e90
                0x0000000020000000                . = ALIGN (0x4)
                0x0000000020000000                _sdata = .
 *(.data)
 *(.data*)
 .data.CCR_motor
                0x0000000020000000        0x8 Core/Src/main.o
                0x0000000020000000                CCR_motor
 .data.angles_motor
                0x0000000020000008        0x4 Core/Src/main.o
                0x0000000020000008                angles_motor
 .data.SystemCoreClock
                0x000000002000000c        0x4 Core/Src/system_stm32l1xx.o
                0x000000002000000c                SystemCoreClock
 .data.uwTickPrio
                0x0000000020000010        0x4 Drivers/STM32L1xx_HAL_Driver/Src/stm32l1xx_hal.o
                0x0000000020000010                uwTickPrio
 .data.uwTickFreq
                0x0000000020000014        0x4 Drivers/STM32L1xx_HAL_Driver/Src/stm32l1xx_hal.o
                0x0000000020000014                uwTickFreq
 .data._impure_ptr
                0x0000000020000018        0x4 c:/st/stm32cubeide_1.2.0/stm32cubeide/plugins/com.st.stm32cube.ide.mcu.externaltools.gnu-tools-for-stm32.7-2018-q2-update.win32_1.5.0.202011040924/tools/bin/../lib/gcc/arm-none-eabi/7.3.1/../../../../arm-none-eabi/lib/thumb/v7-m\libc_nano.a(lib_a-impure.o)
                0x0000000020000018                _impure_ptr
 .data.impure_data
                0x000000002000001c       0x60 c:/st/stm32cubeide_1.2.0/stm32cubeide/plugins/com.st.stm32cube.ide.mcu.externaltools.gnu-tools-for-stm32.7-2018-q2-update.win32_1.5.0.202011040924/tools/bin/../lib/gcc/arm-none-eabi/7.3.1/../../../../arm-none-eabi/lib/thumb/v7-m\libc_nano.a(lib_a-impure.o)
 *(.RamFunc)
 *(.RamFunc*)
                0x000000002000007c                . = ALIGN (0x4)
                0x000000002000007c                _edata = .

.igot.plt       0x000000002000007c        0x0 load address 0x0000000008006f0c
 .igot.plt      0x000000002000007c        0x0 c:/st/stm32cubeide_1.2.0/stm32cubeide/plugins/com.st.stm32cube.ide.mcu.externaltools.gnu-tools-for-stm32.7-2018-q2-update.win32_1.5.0.202011040924/tools/bin/../lib/gcc/arm-none-eabi/7.3.1/thumb/v7-m/crtbegin.o
                0x000000002000007c                . = ALIGN (0x4)

.bss            0x000000002000007c      0xabc load address 0x0000000008006f0c
                0x000000002000007c                _sbss = .
                0x000000002000007c                __bss_start__ = _sbss
 *(.bss)
 .bss           0x000000002000007c       0x1c c:/st/stm32cubeide_1.2.0/stm32cubeide/plugins/com.st.stm32cube.ide.mcu.externaltools.gnu-tools-for-stm32.7-2018-q2-update.win32_1.5.0.202011040924/tools/bin/../lib/gcc/arm-none-eabi/7.3.1/thumb/v7-m/crtbegin.o
 *(.bss*)
 .bss.i2cHandler
                0x0000000020000098       0x54 Core/Src/TJ_MPU6050.o
 .bss.accelScalingFactor
                0x00000000200000ec        0x4 Core/Src/TJ_MPU6050.o
 .bss.gyroScalingFactor
                0x00000000200000f0        0x4 Core/Src/TJ_MPU6050.o
 .bss.len       0x00000000200000f4        0x4 Core/Src/main.o
                0x00000000200000f4                len
 .bss.exit_mode1
                0x00000000200000f8        0x1 Core/Src/main.o
                0x00000000200000f8                exit_mode1
 .bss.exit_mode2
                0x00000000200000f9        0x1 Core/Src/main.o
                0x00000000200000f9                exit_mode2
 *fill*         0x00000000200000fa        0x2 
 .bss.__sbrk_heap_end
                0x00000000200000fc        0x4 Core/Src/sysmem.o
 .bss.__malloc_free_list
                0x0000000020000100        0x4 c:/st/stm32cubeide_1.2.0/stm32cubeide/plugins/com.st.stm32cube.ide.mcu.externaltools.gnu-tools-for-stm32.7-2018-q2-update.win32_1.5.0.202011040924/tools/bin/../lib/gcc/arm-none-eabi/7.3.1/../../../../arm-none-eabi/lib/thumb/v7-m\libc_nano.a(lib_a-nano-mallocr.o)
                0x0000000020000100                __malloc_free_list
 .bss.__malloc_sbrk_start
                0x0000000020000104        0x4 c:/st/stm32cubeide_1.2.0/stm32cubeide/plugins/com.st.stm32cube.ide.mcu.externaltools.gnu-tools-for-stm32.7-2018-q2-update.win32_1.5.0.202011040924/tools/bin/../lib/gcc/arm-none-eabi/7.3.1/../../../../arm-none-eabi/lib/thumb/v7-m\libc_nano.a(lib_a-nano-mallocr.o)
                0x0000000020000104                __malloc_sbrk_start
 *(COMMON)
 COMMON         0x0000000020000108      0xa26 Core/Src/main.o
                0x0000000020000108                time_elapsed
                0x000000002000010c                recorded_values
                0x00000000200004f4                htim4
                0x0000000020000534                hi2c1
                0x0000000020000588                buff
                0x0000000020000988                myGyroRaw
                0x000000002000098e                apto
                0x0000000020000990                msg
                0x0000000020000991                distance
                0x0000000020000994                htim3
                0x00000000200009d4                myAccelScaled
                0x00000000200009e0                angle
                0x00000000200009e4                time_captured
                0x00000000200009e8                MPU_values
                0x00000000200009f0                htim2
                0x0000000020000a30                huart2
                0x0000000020000a70                largest_position
                0x0000000020000a74                distances
                0x0000000020000a78                done_measuring
                0x0000000020000a7c                hadc
                0x0000000020000ad0                largest
                0x0000000020000ad4                htim7
                0x0000000020000b14                myGyroScaled
                0x0000000020000b20                program_out
                0x0000000020000b24                valor_adc
                0x0000000020000b28                myAccelRaw
 *fill*         0x0000000020000b2e        0x2 
 COMMON         0x0000000020000b30        0x4 Drivers/STM32L1xx_HAL_Driver/Src/stm32l1xx_hal.o
                0x0000000020000b30                uwTick
 COMMON         0x0000000020000b34        0x4 c:/st/stm32cubeide_1.2.0/stm32cubeide/plugins/com.st.stm32cube.ide.mcu.externaltools.gnu-tools-for-stm32.7-2018-q2-update.win32_1.5.0.202011040924/tools/bin/../lib/gcc/arm-none-eabi/7.3.1/../../../../arm-none-eabi/lib/thumb/v7-m\libc_nano.a(lib_a-reent.o)
                0x0000000020000b34                errno
                0x0000000020000b38                . = ALIGN (0x4)
                0x0000000020000b38                _ebss = .
                0x0000000020000b38                __bss_end__ = _ebss

._user_heap_stack
                0x0000000020000b38      0x600 load address 0x0000000008006f0c
                0x0000000020000b38                . = ALIGN (0x8)
                [!provide]                        PROVIDE (end = .)
                0x0000000020000b38                PROVIDE (_end = .)
                0x0000000020000d38                . = (. + _Min_Heap_Size)
 *fill*         0x0000000020000b38      0x200 
                0x0000000020001138                . = (. + _Min_Stack_Size)
 *fill*         0x0000000020000d38      0x400 
                0x0000000020001138                . = ALIGN (0x8)

/DISCARD/
 libc.a(*)
 libm.a(*)
 libgcc.a(*)

.ARM.attributes
                0x0000000000000000       0x29
 *(.ARM.attributes)
 .ARM.attributes
                0x0000000000000000       0x1d c:/st/stm32cubeide_1.2.0/stm32cubeide/plugins/com.st.stm32cube.ide.mcu.externaltools.gnu-tools-for-stm32.7-2018-q2-update.win32_1.5.0.202011040924/tools/bin/../lib/gcc/arm-none-eabi/7.3.1/thumb/v7-m/crti.o
 .ARM.attributes
                0x000000000000001d       0x2d c:/st/stm32cubeide_1.2.0/stm32cubeide/plugins/com.st.stm32cube.ide.mcu.externaltools.gnu-tools-for-stm32.7-2018-q2-update.win32_1.5.0.202011040924/tools/bin/../lib/gcc/arm-none-eabi/7.3.1/thumb/v7-m/crtbegin.o
 .ARM.attributes
                0x000000000000004a       0x33 Core/Src/TJ_MPU6050.o
 .ARM.attributes
                0x000000000000007d       0x33 Core/Src/main.o
 .ARM.attributes
                0x00000000000000b0       0x33 Core/Src/stm32l1xx_hal_msp.o
 .ARM.attributes
                0x00000000000000e3       0x33 Core/Src/stm32l1xx_it.o
 .ARM.attributes
                0x0000000000000116       0x33 Core/Src/syscalls.o
 .ARM.attributes
                0x0000000000000149       0x33 Core/Src/sysmem.o
 .ARM.attributes
                0x000000000000017c       0x33 Core/Src/system_stm32l1xx.o
 .ARM.attributes
                0x00000000000001af       0x21 Core/Startup/startup_stm32l152retx.o
 .ARM.attributes
                0x00000000000001d0       0x33 Drivers/STM32L1xx_HAL_Driver/Src/stm32l1xx_hal.o
 .ARM.attributes
                0x0000000000000203       0x33 Drivers/STM32L1xx_HAL_Driver/Src/stm32l1xx_hal_adc.o
 .ARM.attributes
                0x0000000000000236       0x33 Drivers/STM32L1xx_HAL_Driver/Src/stm32l1xx_hal_cortex.o
 .ARM.attributes
                0x0000000000000269       0x33 Drivers/STM32L1xx_HAL_Driver/Src/stm32l1xx_hal_gpio.o
 .ARM.attributes
                0x000000000000029c       0x33 Drivers/STM32L1xx_HAL_Driver/Src/stm32l1xx_hal_i2c.o
 .ARM.attributes
                0x00000000000002cf       0x33 Drivers/STM32L1xx_HAL_Driver/Src/stm32l1xx_hal_rcc.o
 .ARM.attributes
                0x0000000000000302       0x33 Drivers/STM32L1xx_HAL_Driver/Src/stm32l1xx_hal_tim.o
 .ARM.attributes
                0x0000000000000335       0x33 Drivers/STM32L1xx_HAL_Driver/Src/stm32l1xx_hal_tim_ex.o
 .ARM.attributes
                0x0000000000000368       0x33 Drivers/STM32L1xx_HAL_Driver/Src/stm32l1xx_hal_uart.o
 .ARM.attributes
                0x000000000000039b       0x2d c:/st/stm32cubeide_1.2.0/stm32cubeide/plugins/com.st.stm32cube.ide.mcu.externaltools.gnu-tools-for-stm32.7-2018-q2-update.win32_1.5.0.202011040924/tools/bin/../lib/gcc/arm-none-eabi/7.3.1/../../../../arm-none-eabi/lib/thumb/v7-m\libc_nano.a(lib_a-errno.o)
 .ARM.attributes
                0x00000000000003c8       0x2d c:/st/stm32cubeide_1.2.0/stm32cubeide/plugins/com.st.stm32cube.ide.mcu.externaltools.gnu-tools-for-stm32.7-2018-q2-update.win32_1.5.0.202011040924/tools/bin/../lib/gcc/arm-none-eabi/7.3.1/../../../../arm-none-eabi/lib/thumb/v7-m\libc_nano.a(lib_a-impure.o)
 .ARM.attributes
                0x00000000000003f5       0x2d c:/st/stm32cubeide_1.2.0/stm32cubeide/plugins/com.st.stm32cube.ide.mcu.externaltools.gnu-tools-for-stm32.7-2018-q2-update.win32_1.5.0.202011040924/tools/bin/../lib/gcc/arm-none-eabi/7.3.1/../../../../arm-none-eabi/lib/thumb/v7-m\libc_nano.a(lib_a-init.o)
 .ARM.attributes
                0x0000000000000422       0x2d c:/st/stm32cubeide_1.2.0/stm32cubeide/plugins/com.st.stm32cube.ide.mcu.externaltools.gnu-tools-for-stm32.7-2018-q2-update.win32_1.5.0.202011040924/tools/bin/../lib/gcc/arm-none-eabi/7.3.1/../../../../arm-none-eabi/lib/thumb/v7-m\libc_nano.a(lib_a-memcpy-stub.o)
 .ARM.attributes
                0x000000000000044f       0x2d c:/st/stm32cubeide_1.2.0/stm32cubeide/plugins/com.st.stm32cube.ide.mcu.externaltools.gnu-tools-for-stm32.7-2018-q2-update.win32_1.5.0.202011040924/tools/bin/../lib/gcc/arm-none-eabi/7.3.1/../../../../arm-none-eabi/lib/thumb/v7-m\libc_nano.a(lib_a-memset.o)
 .ARM.attributes
                0x000000000000047c       0x2d c:/st/stm32cubeide_1.2.0/stm32cubeide/plugins/com.st.stm32cube.ide.mcu.externaltools.gnu-tools-for-stm32.7-2018-q2-update.win32_1.5.0.202011040924/tools/bin/../lib/gcc/arm-none-eabi/7.3.1/../../../../arm-none-eabi/lib/thumb/v7-m\libc_nano.a(lib_a-printf.o)
 .ARM.attributes
                0x00000000000004a9       0x2d c:/st/stm32cubeide_1.2.0/stm32cubeide/plugins/com.st.stm32cube.ide.mcu.externaltools.gnu-tools-for-stm32.7-2018-q2-update.win32_1.5.0.202011040924/tools/bin/../lib/gcc/arm-none-eabi/7.3.1/../../../../arm-none-eabi/lib/thumb/v7-m\libc_nano.a(lib_a-puts.o)
 .ARM.attributes
                0x00000000000004d6       0x2d c:/st/stm32cubeide_1.2.0/stm32cubeide/plugins/com.st.stm32cube.ide.mcu.externaltools.gnu-tools-for-stm32.7-2018-q2-update.win32_1.5.0.202011040924/tools/bin/../lib/gcc/arm-none-eabi/7.3.1/../../../../arm-none-eabi/lib/thumb/v7-m\libc_nano.a(lib_a-wbuf.o)
 .ARM.attributes
                0x0000000000000503       0x2d c:/st/stm32cubeide_1.2.0/stm32cubeide/plugins/com.st.stm32cube.ide.mcu.externaltools.gnu-tools-for-stm32.7-2018-q2-update.win32_1.5.0.202011040924/tools/bin/../lib/gcc/arm-none-eabi/7.3.1/../../../../arm-none-eabi/lib/thumb/v7-m\libc_nano.a(lib_a-wsetup.o)
 .ARM.attributes
                0x0000000000000530       0x2d c:/st/stm32cubeide_1.2.0/stm32cubeide/plugins/com.st.stm32cube.ide.mcu.externaltools.gnu-tools-for-stm32.7-2018-q2-update.win32_1.5.0.202011040924/tools/bin/../lib/gcc/arm-none-eabi/7.3.1/../../../../arm-none-eabi/lib/thumb/v7-m\libc_nano.a(lib_a-fflush.o)
 .ARM.attributes
                0x000000000000055d       0x2d c:/st/stm32cubeide_1.2.0/stm32cubeide/plugins/com.st.stm32cube.ide.mcu.externaltools.gnu-tools-for-stm32.7-2018-q2-update.win32_1.5.0.202011040924/tools/bin/../lib/gcc/arm-none-eabi/7.3.1/../../../../arm-none-eabi/lib/thumb/v7-m\libc_nano.a(lib_a-findfp.o)
 .ARM.attributes
                0x000000000000058a       0x2d c:/st/stm32cubeide_1.2.0/stm32cubeide/plugins/com.st.stm32cube.ide.mcu.externaltools.gnu-tools-for-stm32.7-2018-q2-update.win32_1.5.0.202011040924/tools/bin/../lib/gcc/arm-none-eabi/7.3.1/../../../../arm-none-eabi/lib/thumb/v7-m\libc_nano.a(lib_a-fwalk.o)
 .ARM.attributes
                0x00000000000005b7       0x2d c:/st/stm32cubeide_1.2.0/stm32cubeide/plugins/com.st.stm32cube.ide.mcu.externaltools.gnu-tools-for-stm32.7-2018-q2-update.win32_1.5.0.202011040924/tools/bin/../lib/gcc/arm-none-eabi/7.3.1/../../../../arm-none-eabi/lib/thumb/v7-m\libc_nano.a(lib_a-makebuf.o)
 .ARM.attributes
                0x00000000000005e4       0x2d c:/st/stm32cubeide_1.2.0/stm32cubeide/plugins/com.st.stm32cube.ide.mcu.externaltools.gnu-tools-for-stm32.7-2018-q2-update.win32_1.5.0.202011040924/tools/bin/../lib/gcc/arm-none-eabi/7.3.1/../../../../arm-none-eabi/lib/thumb/v7-m\libc_nano.a(lib_a-nano-freer.o)
 .ARM.attributes
                0x0000000000000611       0x2d c:/st/stm32cubeide_1.2.0/stm32cubeide/plugins/com.st.stm32cube.ide.mcu.externaltools.gnu-tools-for-stm32.7-2018-q2-update.win32_1.5.0.202011040924/tools/bin/../lib/gcc/arm-none-eabi/7.3.1/../../../../arm-none-eabi/lib/thumb/v7-m\libc_nano.a(lib_a-nano-mallocr.o)
 .ARM.attributes
                0x000000000000063e       0x2d c:/st/stm32cubeide_1.2.0/stm32cubeide/plugins/com.st.stm32cube.ide.mcu.externaltools.gnu-tools-for-stm32.7-2018-q2-update.win32_1.5.0.202011040924/tools/bin/../lib/gcc/arm-none-eabi/7.3.1/../../../../arm-none-eabi/lib/thumb/v7-m\libc_nano.a(lib_a-nano-vfprintf.o)
 .ARM.attributes
                0x000000000000066b       0x2d c:/st/stm32cubeide_1.2.0/stm32cubeide/plugins/com.st.stm32cube.ide.mcu.externaltools.gnu-tools-for-stm32.7-2018-q2-update.win32_1.5.0.202011040924/tools/bin/../lib/gcc/arm-none-eabi/7.3.1/../../../../arm-none-eabi/lib/thumb/v7-m\libc_nano.a(lib_a-nano-vfprintf_i.o)
 .ARM.attributes
                0x0000000000000698       0x2d c:/st/stm32cubeide_1.2.0/stm32cubeide/plugins/com.st.stm32cube.ide.mcu.externaltools.gnu-tools-for-stm32.7-2018-q2-update.win32_1.5.0.202011040924/tools/bin/../lib/gcc/arm-none-eabi/7.3.1/../../../../arm-none-eabi/lib/thumb/v7-m\libc_nano.a(lib_a-sbrkr.o)
 .ARM.attributes
                0x00000000000006c5       0x2d c:/st/stm32cubeide_1.2.0/stm32cubeide/plugins/com.st.stm32cube.ide.mcu.externaltools.gnu-tools-for-stm32.7-2018-q2-update.win32_1.5.0.202011040924/tools/bin/../lib/gcc/arm-none-eabi/7.3.1/../../../../arm-none-eabi/lib/thumb/v7-m\libc_nano.a(lib_a-stdio.o)
 .ARM.attributes
                0x00000000000006f2       0x2d c:/st/stm32cubeide_1.2.0/stm32cubeide/plugins/com.st.stm32cube.ide.mcu.externaltools.gnu-tools-for-stm32.7-2018-q2-update.win32_1.5.0.202011040924/tools/bin/../lib/gcc/arm-none-eabi/7.3.1/../../../../arm-none-eabi/lib/thumb/v7-m\libc_nano.a(lib_a-writer.o)
 .ARM.attributes
                0x000000000000071f       0x2d c:/st/stm32cubeide_1.2.0/stm32cubeide/plugins/com.st.stm32cube.ide.mcu.externaltools.gnu-tools-for-stm32.7-2018-q2-update.win32_1.5.0.202011040924/tools/bin/../lib/gcc/arm-none-eabi/7.3.1/../../../../arm-none-eabi/lib/thumb/v7-m\libc_nano.a(lib_a-closer.o)
 .ARM.attributes
                0x000000000000074c       0x2d c:/st/stm32cubeide_1.2.0/stm32cubeide/plugins/com.st.stm32cube.ide.mcu.externaltools.gnu-tools-for-stm32.7-2018-q2-update.win32_1.5.0.202011040924/tools/bin/../lib/gcc/arm-none-eabi/7.3.1/../../../../arm-none-eabi/lib/thumb/v7-m\libc_nano.a(lib_a-fstatr.o)
 .ARM.attributes
                0x0000000000000779       0x2d c:/st/stm32cubeide_1.2.0/stm32cubeide/plugins/com.st.stm32cube.ide.mcu.externaltools.gnu-tools-for-stm32.7-2018-q2-update.win32_1.5.0.202011040924/tools/bin/../lib/gcc/arm-none-eabi/7.3.1/../../../../arm-none-eabi/lib/thumb/v7-m\libc_nano.a(lib_a-isattyr.o)
 .ARM.attributes
                0x00000000000007a6       0x2d c:/st/stm32cubeide_1.2.0/stm32cubeide/plugins/com.st.stm32cube.ide.mcu.externaltools.gnu-tools-for-stm32.7-2018-q2-update.win32_1.5.0.202011040924/tools/bin/../lib/gcc/arm-none-eabi/7.3.1/../../../../arm-none-eabi/lib/thumb/v7-m\libc_nano.a(lib_a-lseekr.o)
 .ARM.attributes
                0x00000000000007d3       0x2d c:/st/stm32cubeide_1.2.0/stm32cubeide/plugins/com.st.stm32cube.ide.mcu.externaltools.gnu-tools-for-stm32.7-2018-q2-update.win32_1.5.0.202011040924/tools/bin/../lib/gcc/arm-none-eabi/7.3.1/../../../../arm-none-eabi/lib/thumb/v7-m\libc_nano.a(lib_a-memchr-stub.o)
 .ARM.attributes
                0x0000000000000800       0x2d c:/st/stm32cubeide_1.2.0/stm32cubeide/plugins/com.st.stm32cube.ide.mcu.externaltools.gnu-tools-for-stm32.7-2018-q2-update.win32_1.5.0.202011040924/tools/bin/../lib/gcc/arm-none-eabi/7.3.1/../../../../arm-none-eabi/lib/thumb/v7-m\libc_nano.a(lib_a-mlock.o)
 .ARM.attributes
                0x000000000000082d       0x2d c:/st/stm32cubeide_1.2.0/stm32cubeide/plugins/com.st.stm32cube.ide.mcu.externaltools.gnu-tools-for-stm32.7-2018-q2-update.win32_1.5.0.202011040924/tools/bin/../lib/gcc/arm-none-eabi/7.3.1/../../../../arm-none-eabi/lib/thumb/v7-m\libc_nano.a(lib_a-readr.o)
 .ARM.attributes
                0x000000000000085a       0x2d c:/st/stm32cubeide_1.2.0/stm32cubeide/plugins/com.st.stm32cube.ide.mcu.externaltools.gnu-tools-for-stm32.7-2018-q2-update.win32_1.5.0.202011040924/tools/bin/../lib/gcc/arm-none-eabi/7.3.1/../../../../arm-none-eabi/lib/thumb/v7-m\libc_nano.a(lib_a-reent.o)
 .ARM.attributes
                0x0000000000000887       0x1d c:/st/stm32cubeide_1.2.0/stm32cubeide/plugins/com.st.stm32cube.ide.mcu.externaltools.gnu-tools-for-stm32.7-2018-q2-update.win32_1.5.0.202011040924/tools/bin/../lib/gcc/arm-none-eabi/7.3.1/thumb/v7-m\libgcc.a(_arm_addsubdf3.o)
 .ARM.attributes
                0x00000000000008a4       0x1d c:/st/stm32cubeide_1.2.0/stm32cubeide/plugins/com.st.stm32cube.ide.mcu.externaltools.gnu-tools-for-stm32.7-2018-q2-update.win32_1.5.0.202011040924/tools/bin/../lib/gcc/arm-none-eabi/7.3.1/thumb/v7-m\libgcc.a(_arm_muldivdf3.o)
 .ARM.attributes
                0x00000000000008c1       0x1d c:/st/stm32cubeide_1.2.0/stm32cubeide/plugins/com.st.stm32cube.ide.mcu.externaltools.gnu-tools-for-stm32.7-2018-q2-update.win32_1.5.0.202011040924/tools/bin/../lib/gcc/arm-none-eabi/7.3.1/thumb/v7-m\libgcc.a(_arm_fixunsdfsi.o)
 .ARM.attributes
                0x00000000000008de       0x1d c:/st/stm32cubeide_1.2.0/stm32cubeide/plugins/com.st.stm32cube.ide.mcu.externaltools.gnu-tools-for-stm32.7-2018-q2-update.win32_1.5.0.202011040924/tools/bin/../lib/gcc/arm-none-eabi/7.3.1/thumb/v7-m\libgcc.a(_aeabi_uldivmod.o)
 .ARM.attributes
                0x00000000000008fb       0x2d c:/st/stm32cubeide_1.2.0/stm32cubeide/plugins/com.st.stm32cube.ide.mcu.externaltools.gnu-tools-for-stm32.7-2018-q2-update.win32_1.5.0.202011040924/tools/bin/../lib/gcc/arm-none-eabi/7.3.1/thumb/v7-m\libgcc.a(_udivmoddi4.o)
 .ARM.attributes
                0x0000000000000928       0x1d c:/st/stm32cubeide_1.2.0/stm32cubeide/plugins/com.st.stm32cube.ide.mcu.externaltools.gnu-tools-for-stm32.7-2018-q2-update.win32_1.5.0.202011040924/tools/bin/../lib/gcc/arm-none-eabi/7.3.1/thumb/v7-m\libgcc.a(_dvmd_tls.o)
 .ARM.attributes
                0x0000000000000945       0x1d c:/st/stm32cubeide_1.2.0/stm32cubeide/plugins/com.st.stm32cube.ide.mcu.externaltools.gnu-tools-for-stm32.7-2018-q2-update.win32_1.5.0.202011040924/tools/bin/../lib/gcc/arm-none-eabi/7.3.1/thumb/v7-m/crtn.o
OUTPUT(Pruea_6_Copia.elf elf32-littlearm)

.debug_info     0x0000000000000000    0x1099e
 .debug_info    0x0000000000000000     0x13a0 Core/Src/TJ_MPU6050.o
 .debug_info    0x00000000000013a0     0x24c7 Core/Src/main.o
 .debug_info    0x0000000000003867     0x1494 Core/Src/stm32l1xx_hal_msp.o
 .debug_info    0x0000000000004cfb      0x873 Core/Src/stm32l1xx_it.o
 .debug_info    0x000000000000556e      0xebd Core/Src/syscalls.o
 .debug_info    0x000000000000642b      0x985 Core/Src/sysmem.o
 .debug_info    0x0000000000006db0      0x473 Core/Src/system_stm32l1xx.o
 .debug_info    0x0000000000007223       0x22 Core/Startup/startup_stm32l152retx.o
 .debug_info    0x0000000000007245      0x72b Drivers/STM32L1xx_HAL_Driver/Src/stm32l1xx_hal.o
 .debug_info    0x0000000000007970      0xec7 Drivers/STM32L1xx_HAL_Driver/Src/stm32l1xx_hal_adc.o
 .debug_info    0x0000000000008837      0xd84 Drivers/STM32L1xx_HAL_Driver/Src/stm32l1xx_hal_cortex.o
 .debug_info    0x00000000000095bb      0x6ac Drivers/STM32L1xx_HAL_Driver/Src/stm32l1xx_hal_gpio.o
 .debug_info    0x0000000000009c67     0x23d4 Drivers/STM32L1xx_HAL_Driver/Src/stm32l1xx_hal_i2c.o
 .debug_info    0x000000000000c03b      0x94f Drivers/STM32L1xx_HAL_Driver/Src/stm32l1xx_hal_rcc.o
 .debug_info    0x000000000000c98a     0x26d9 Drivers/STM32L1xx_HAL_Driver/Src/stm32l1xx_hal_tim.o
 .debug_info    0x000000000000f063      0x757 Drivers/STM32L1xx_HAL_Driver/Src/stm32l1xx_hal_tim_ex.o
 .debug_info    0x000000000000f7ba     0x11e4 Drivers/STM32L1xx_HAL_Driver/Src/stm32l1xx_hal_uart.o

.debug_abbrev   0x0000000000000000     0x2183
 .debug_abbrev  0x0000000000000000      0x227 Core/Src/TJ_MPU6050.o
 .debug_abbrev  0x0000000000000227      0x370 Core/Src/main.o
 .debug_abbrev  0x0000000000000597      0x1de Core/Src/stm32l1xx_hal_msp.o
 .debug_abbrev  0x0000000000000775      0x16b Core/Src/stm32l1xx_it.o
 .debug_abbrev  0x00000000000008e0      0x261 Core/Src/syscalls.o
 .debug_abbrev  0x0000000000000b41      0x19b Core/Src/sysmem.o
 .debug_abbrev  0x0000000000000cdc      0x111 Core/Src/system_stm32l1xx.o
 .debug_abbrev  0x0000000000000ded       0x12 Core/Startup/startup_stm32l152retx.o
 .debug_abbrev  0x0000000000000dff      0x21b Drivers/STM32L1xx_HAL_Driver/Src/stm32l1xx_hal.o
 .debug_abbrev  0x000000000000101a      0x244 Drivers/STM32L1xx_HAL_Driver/Src/stm32l1xx_hal_adc.o
 .debug_abbrev  0x000000000000125e      0x2fa Drivers/STM32L1xx_HAL_Driver/Src/stm32l1xx_hal_cortex.o
 .debug_abbrev  0x0000000000001558      0x1c9 Drivers/STM32L1xx_HAL_Driver/Src/stm32l1xx_hal_gpio.o
 .debug_abbrev  0x0000000000001721      0x254 Drivers/STM32L1xx_HAL_Driver/Src/stm32l1xx_hal_i2c.o
 .debug_abbrev  0x0000000000001975      0x238 Drivers/STM32L1xx_HAL_Driver/Src/stm32l1xx_hal_rcc.o
 .debug_abbrev  0x0000000000001bad      0x230 Drivers/STM32L1xx_HAL_Driver/Src/stm32l1xx_hal_tim.o
 .debug_abbrev  0x0000000000001ddd      0x164 Drivers/STM32L1xx_HAL_Driver/Src/stm32l1xx_hal_tim_ex.o
 .debug_abbrev  0x0000000000001f41      0x242 Drivers/STM32L1xx_HAL_Driver/Src/stm32l1xx_hal_uart.o

.debug_aranges  0x0000000000000000      0xf68
 .debug_aranges
                0x0000000000000000       0x88 Core/Src/TJ_MPU6050.o
 .debug_aranges
                0x0000000000000088       0xa8 Core/Src/main.o
 .debug_aranges
                0x0000000000000130       0x78 Core/Src/stm32l1xx_hal_msp.o
 .debug_aranges
                0x00000000000001a8       0x70 Core/Src/stm32l1xx_it.o
 .debug_aranges
                0x0000000000000218       0xa8 Core/Src/syscalls.o
 .debug_aranges
                0x00000000000002c0       0x20 Core/Src/sysmem.o
 .debug_aranges
                0x00000000000002e0       0x28 Core/Src/system_stm32l1xx.o
 .debug_aranges
                0x0000000000000308       0x28 Core/Startup/startup_stm32l152retx.o
 .debug_aranges
                0x0000000000000330       0xe0 Drivers/STM32L1xx_HAL_Driver/Src/stm32l1xx_hal.o
 .debug_aranges
                0x0000000000000410       0xf0 Drivers/STM32L1xx_HAL_Driver/Src/stm32l1xx_hal_adc.o
 .debug_aranges
                0x0000000000000500      0x118 Drivers/STM32L1xx_HAL_Driver/Src/stm32l1xx_hal_cortex.o
 .debug_aranges
                0x0000000000000618       0x58 Drivers/STM32L1xx_HAL_Driver/Src/stm32l1xx_hal_gpio.o
 .debug_aranges
                0x0000000000000670      0x2a0 Drivers/STM32L1xx_HAL_Driver/Src/stm32l1xx_hal_i2c.o
 .debug_aranges
                0x0000000000000910       0x90 Drivers/STM32L1xx_HAL_Driver/Src/stm32l1xx_hal_rcc.o
 .debug_aranges
                0x00000000000009a0      0x3d0 Drivers/STM32L1xx_HAL_Driver/Src/stm32l1xx_hal_tim.o
 .debug_aranges
                0x0000000000000d70       0x28 Drivers/STM32L1xx_HAL_Driver/Src/stm32l1xx_hal_tim_ex.o
 .debug_aranges
                0x0000000000000d98      0x1d0 Drivers/STM32L1xx_HAL_Driver/Src/stm32l1xx_hal_uart.o

.debug_ranges   0x0000000000000000      0xe88
 .debug_ranges  0x0000000000000000       0x78 Core/Src/TJ_MPU6050.o
 .debug_ranges  0x0000000000000078       0x98 Core/Src/main.o
 .debug_ranges  0x0000000000000110       0x68 Core/Src/stm32l1xx_hal_msp.o
 .debug_ranges  0x0000000000000178       0x60 Core/Src/stm32l1xx_it.o
 .debug_ranges  0x00000000000001d8       0x98 Core/Src/syscalls.o
 .debug_ranges  0x0000000000000270       0x10 Core/Src/sysmem.o
 .debug_ranges  0x0000000000000280       0x18 Core/Src/system_stm32l1xx.o
 .debug_ranges  0x0000000000000298       0x20 Core/Startup/startup_stm32l152retx.o
 .debug_ranges  0x00000000000002b8       0xd0 Drivers/STM32L1xx_HAL_Driver/Src/stm32l1xx_hal.o
 .debug_ranges  0x0000000000000388       0xe0 Drivers/STM32L1xx_HAL_Driver/Src/stm32l1xx_hal_adc.o
 .debug_ranges  0x0000000000000468      0x108 Drivers/STM32L1xx_HAL_Driver/Src/stm32l1xx_hal_cortex.o
 .debug_ranges  0x0000000000000570       0x48 Drivers/STM32L1xx_HAL_Driver/Src/stm32l1xx_hal_gpio.o
 .debug_ranges  0x00000000000005b8      0x2b8 Drivers/STM32L1xx_HAL_Driver/Src/stm32l1xx_hal_i2c.o
 .debug_ranges  0x0000000000000870       0x80 Drivers/STM32L1xx_HAL_Driver/Src/stm32l1xx_hal_rcc.o
 .debug_ranges  0x00000000000008f0      0x3c0 Drivers/STM32L1xx_HAL_Driver/Src/stm32l1xx_hal_tim.o
 .debug_ranges  0x0000000000000cb0       0x18 Drivers/STM32L1xx_HAL_Driver/Src/stm32l1xx_hal_tim_ex.o
 .debug_ranges  0x0000000000000cc8      0x1c0 Drivers/STM32L1xx_HAL_Driver/Src/stm32l1xx_hal_uart.o

.debug_macro    0x0000000000000000    0x18244
 .debug_macro   0x0000000000000000      0x2b3 Core/Src/TJ_MPU6050.o
 .debug_macro   0x00000000000002b3      0xa5a Core/Src/TJ_MPU6050.o
 .debug_macro   0x0000000000000d0d      0x11e Core/Src/TJ_MPU6050.o
 .debug_macro   0x0000000000000e2b       0x2e Core/Src/TJ_MPU6050.o
 .debug_macro   0x0000000000000e59       0x22 Core/Src/TJ_MPU6050.o
 .debug_macro   0x0000000000000e7b       0x22 Core/Src/TJ_MPU6050.o
 .debug_macro   0x0000000000000e9d       0x8e Core/Src/TJ_MPU6050.o
 .debug_macro   0x0000000000000f2b       0x51 Core/Src/TJ_MPU6050.o
 .debug_macro   0x0000000000000f7c       0xef Core/Src/TJ_MPU6050.o
 .debug_macro   0x000000000000106b       0x6a Core/Src/TJ_MPU6050.o
 .debug_macro   0x00000000000010d5      0x1df Core/Src/TJ_MPU6050.o
 .debug_macro   0x00000000000012b4       0x1c Core/Src/TJ_MPU6050.o
 .debug_macro   0x00000000000012d0       0x22 Core/Src/TJ_MPU6050.o
 .debug_macro   0x00000000000012f2       0xc3 Core/Src/TJ_MPU6050.o
 .debug_macro   0x00000000000013b5      0xe49 Core/Src/TJ_MPU6050.o
 .debug_macro   0x00000000000021fe      0x11f Core/Src/TJ_MPU6050.o
 .debug_macro   0x000000000000231d     0xb52b Core/Src/TJ_MPU6050.o
 .debug_macro   0x000000000000d848       0x43 Core/Src/TJ_MPU6050.o
 .debug_macro   0x000000000000d88b     0x34a0 Core/Src/TJ_MPU6050.o
 .debug_macro   0x0000000000010d2b      0x174 Core/Src/TJ_MPU6050.o
 .debug_macro   0x0000000000010e9f       0x5b Core/Src/TJ_MPU6050.o
 .debug_macro   0x0000000000010efa      0xe38 Core/Src/TJ_MPU6050.o
 .debug_macro   0x0000000000011d32      0x35b Core/Src/TJ_MPU6050.o
 .debug_macro   0x000000000001208d      0x13b Core/Src/TJ_MPU6050.o
 .debug_macro   0x00000000000121c8       0xc5 Core/Src/TJ_MPU6050.o
 .debug_macro   0x000000000001228d      0x21e Core/Src/TJ_MPU6050.o
 .debug_macro   0x00000000000124ab      0x236 Core/Src/TJ_MPU6050.o
 .debug_macro   0x00000000000126e1      0x685 Core/Src/TJ_MPU6050.o
 .debug_macro   0x0000000000012d66      0x16c Core/Src/TJ_MPU6050.o
 .debug_macro   0x0000000000012ed2      0x10e Core/Src/TJ_MPU6050.o
 .debug_macro   0x0000000000012fe0      0x567 Core/Src/TJ_MPU6050.o
 .debug_macro   0x0000000000013547      0x287 Core/Src/TJ_MPU6050.o
 .debug_macro   0x00000000000137ce      0x1e9 Core/Src/TJ_MPU6050.o
 .debug_macro   0x00000000000139b7       0x22 Core/Src/TJ_MPU6050.o
 .debug_macro   0x00000000000139d9      0x76c Core/Src/TJ_MPU6050.o
 .debug_macro   0x0000000000014145       0xac Core/Src/TJ_MPU6050.o
 .debug_macro   0x00000000000141f1      0x287 Core/Src/TJ_MPU6050.o
 .debug_macro   0x0000000000014478      0x170 Core/Src/TJ_MPU6050.o
 .debug_macro   0x00000000000145e8      0x492 Core/Src/TJ_MPU6050.o
 .debug_macro   0x0000000000014a7a       0x46 Core/Src/TJ_MPU6050.o
 .debug_macro   0x0000000000014ac0       0x18 Core/Src/TJ_MPU6050.o
 .debug_macro   0x0000000000014ad8       0x3c Core/Src/TJ_MPU6050.o
 .debug_macro   0x0000000000014b14       0x34 Core/Src/TJ_MPU6050.o
 .debug_macro   0x0000000000014b48       0x52 Core/Src/TJ_MPU6050.o
 .debug_macro   0x0000000000014b9a       0x1f Core/Src/TJ_MPU6050.o
 .debug_macro   0x0000000000014bb9       0x43 Core/Src/TJ_MPU6050.o
 .debug_macro   0x0000000000014bfc       0x20 Core/Src/TJ_MPU6050.o
 .debug_macro   0x0000000000014c1c      0x1a3 Core/Src/TJ_MPU6050.o
 .debug_macro   0x0000000000014dbf      0x32a Core/Src/TJ_MPU6050.o
 .debug_macro   0x00000000000150e9       0x10 Core/Src/TJ_MPU6050.o
 .debug_macro   0x00000000000150f9       0x35 Core/Src/TJ_MPU6050.o
 .debug_macro   0x000000000001512e       0x20 Core/Src/TJ_MPU6050.o
 .debug_macro   0x000000000001514e       0x22 Core/Src/TJ_MPU6050.o
 .debug_macro   0x0000000000015170      0x1e1 Core/Src/TJ_MPU6050.o
 .debug_macro   0x0000000000015351       0x6a Core/Src/TJ_MPU6050.o
 .debug_macro   0x00000000000153bb      0x395 Core/Src/main.o
 .debug_macro   0x0000000000015750       0x3a Core/Src/main.o
 .debug_macro   0x000000000001578a       0x16 Core/Src/main.o
 .debug_macro   0x00000000000157a0       0x10 Core/Src/main.o
 .debug_macro   0x00000000000157b0       0x10 Core/Src/main.o
 .debug_macro   0x00000000000157c0       0x1c Core/Src/main.o
 .debug_macro   0x00000000000157dc       0x52 Core/Src/main.o
 .debug_macro   0x000000000001582e       0x40 Core/Src/main.o
 .debug_macro   0x000000000001586e       0x10 Core/Src/main.o
 .debug_macro   0x000000000001587e       0x40 Core/Src/main.o
 .debug_macro   0x00000000000158be       0xd7 Core/Src/main.o
 .debug_macro   0x0000000000015995       0x1c Core/Src/main.o
 .debug_macro   0x00000000000159b1       0x3d Core/Src/main.o
 .debug_macro   0x00000000000159ee       0x16 Core/Src/main.o
 .debug_macro   0x0000000000015a04      0x145 Core/Src/main.o
 .debug_macro   0x0000000000015b49       0x16 Core/Src/main.o
 .debug_macro   0x0000000000015b5f      0x1dc Core/Src/stm32l1xx_hal_msp.o
 .debug_macro   0x0000000000015d3b      0x1e6 Core/Src/stm32l1xx_it.o
 .debug_macro   0x0000000000015f21      0x243 Core/Src/syscalls.o
 .debug_macro   0x0000000000016164       0x40 Core/Src/syscalls.o
 .debug_macro   0x00000000000161a4       0x94 Core/Src/syscalls.o
 .debug_macro   0x0000000000016238       0x57 Core/Src/syscalls.o
 .debug_macro   0x000000000001628f      0x330 Core/Src/syscalls.o
 .debug_macro   0x00000000000165bf       0x10 Core/Src/syscalls.o
 .debug_macro   0x00000000000165cf       0x10 Core/Src/syscalls.o
 .debug_macro   0x00000000000165df       0x10 Core/Src/syscalls.o
 .debug_macro   0x00000000000165ef       0x35 Core/Src/syscalls.o
 .debug_macro   0x0000000000016624      0x122 Core/Src/syscalls.o
 .debug_macro   0x0000000000016746       0x16 Core/Src/syscalls.o
 .debug_macro   0x000000000001675c       0x16 Core/Src/syscalls.o
 .debug_macro   0x0000000000016772       0x29 Core/Src/syscalls.o
 .debug_macro   0x000000000001679b       0x10 Core/Src/syscalls.o
 .debug_macro   0x00000000000167ab      0x241 Core/Src/syscalls.o
 .debug_macro   0x00000000000169ec       0x1c Core/Src/syscalls.o
 .debug_macro   0x0000000000016a08       0x10 Core/Src/syscalls.o
 .debug_macro   0x0000000000016a18      0x189 Core/Src/syscalls.o
 .debug_macro   0x0000000000016ba1       0x16 Core/Src/syscalls.o
 .debug_macro   0x0000000000016bb7       0x88 Core/Src/syscalls.o
 .debug_macro   0x0000000000016c3f       0xee Core/Src/sysmem.o
 .debug_macro   0x0000000000016d2d      0x23b Core/Src/sysmem.o
 .debug_macro   0x0000000000016f68      0x1d3 Core/Src/system_stm32l1xx.o
 .debug_macro   0x000000000001713b      0x1f1 Drivers/STM32L1xx_HAL_Driver/Src/stm32l1xx_hal.o
 .debug_macro   0x000000000001732c      0x1ea Drivers/STM32L1xx_HAL_Driver/Src/stm32l1xx_hal_adc.o
 .debug_macro   0x0000000000017516      0x1cd Drivers/STM32L1xx_HAL_Driver/Src/stm32l1xx_hal_cortex.o
 .debug_macro   0x00000000000176e3      0x205 Drivers/STM32L1xx_HAL_Driver/Src/stm32l1xx_hal_gpio.o
 .debug_macro   0x00000000000178e8      0x214 Drivers/STM32L1xx_HAL_Driver/Src/stm32l1xx_hal_i2c.o
 .debug_macro   0x0000000000017afc      0x1df Drivers/STM32L1xx_HAL_Driver/Src/stm32l1xx_hal_rcc.o
 .debug_macro   0x0000000000017cdb      0x1ce Drivers/STM32L1xx_HAL_Driver/Src/stm32l1xx_hal_tim.o
 .debug_macro   0x0000000000017ea9      0x1cd Drivers/STM32L1xx_HAL_Driver/Src/stm32l1xx_hal_tim_ex.o
 .debug_macro   0x0000000000018076      0x1ce Drivers/STM32L1xx_HAL_Driver/Src/stm32l1xx_hal_uart.o

.debug_line     0x0000000000000000     0xb9b9
 .debug_line    0x0000000000000000      0x98b Core/Src/TJ_MPU6050.o
 .debug_line    0x000000000000098b      0xbef Core/Src/main.o
 .debug_line    0x000000000000157a      0x813 Core/Src/stm32l1xx_hal_msp.o
 .debug_line    0x0000000000001d8d      0x7c8 Core/Src/stm32l1xx_it.o
 .debug_line    0x0000000000002555      0x73e Core/Src/syscalls.o
 .debug_line    0x0000000000002c93      0x4c7 Core/Src/sysmem.o
 .debug_line    0x000000000000315a      0x70e Core/Src/system_stm32l1xx.o
 .debug_line    0x0000000000003868       0x84 Core/Startup/startup_stm32l152retx.o
 .debug_line    0x00000000000038ec      0x8cd Drivers/STM32L1xx_HAL_Driver/Src/stm32l1xx_hal.o
 .debug_line    0x00000000000041b9      0xb88 Drivers/STM32L1xx_HAL_Driver/Src/stm32l1xx_hal_adc.o
 .debug_line    0x0000000000004d41      0xa16 Drivers/STM32L1xx_HAL_Driver/Src/stm32l1xx_hal_cortex.o
 .debug_line    0x0000000000005757      0x8a7 Drivers/STM32L1xx_HAL_Driver/Src/stm32l1xx_hal_gpio.o
 .debug_line    0x0000000000005ffe     0x1b95 Drivers/STM32L1xx_HAL_Driver/Src/stm32l1xx_hal_i2c.o
 .debug_line    0x0000000000007b93      0x9f8 Drivers/STM32L1xx_HAL_Driver/Src/stm32l1xx_hal_rcc.o
 .debug_line    0x000000000000858b     0x1cdd Drivers/STM32L1xx_HAL_Driver/Src/stm32l1xx_hal_tim.o
 .debug_line    0x000000000000a268      0x774 Drivers/STM32L1xx_HAL_Driver/Src/stm32l1xx_hal_tim_ex.o
 .debug_line    0x000000000000a9dc      0xfdd Drivers/STM32L1xx_HAL_Driver/Src/stm32l1xx_hal_uart.o

.debug_str      0x0000000000000000    0x96192
 .debug_str     0x0000000000000000    0x8fd62 Core/Src/TJ_MPU6050.o
                                      0x901a5 (size before relaxing)
 .debug_str     0x000000000008fd62     0x22ec Core/Src/main.o
                                      0x922e0 (size before relaxing)
 .debug_str     0x000000000009204e      0x121 Core/Src/stm32l1xx_hal_msp.o
                                      0x8d0cf (size before relaxing)
 .debug_str     0x000000000009216f       0xff Core/Src/stm32l1xx_it.o
                                      0x8c6cd (size before relaxing)
 .debug_str     0x000000000009226e     0x1223 Core/Src/syscalls.o
                                       0x886f (size before relaxing)
 .debug_str     0x0000000000093491       0x6b Core/Src/sysmem.o
                                       0x5f3d (size before relaxing)
 .debug_str     0x00000000000934fc       0x77 Core/Src/system_stm32l1xx.o
                                      0x8c0e2 (size before relaxing)
 .debug_str     0x0000000000093573       0x36 Core/Startup/startup_stm32l152retx.o
                                         0x6d (size before relaxing)
 .debug_str     0x00000000000935a9      0x2f0 Drivers/STM32L1xx_HAL_Driver/Src/stm32l1xx_hal.o
                                      0x8c761 (size before relaxing)
 .debug_str     0x0000000000093899      0x330 Drivers/STM32L1xx_HAL_Driver/Src/stm32l1xx_hal_adc.o
                                      0x8c7d0 (size before relaxing)
 .debug_str     0x0000000000093bc9      0x3ba Drivers/STM32L1xx_HAL_Driver/Src/stm32l1xx_hal_cortex.o
                                      0x8c893 (size before relaxing)
 .debug_str     0x0000000000093f83      0x1ee Drivers/STM32L1xx_HAL_Driver/Src/stm32l1xx_hal_gpio.o
                                      0x8c306 (size before relaxing)