main.c:116:6:delay	16	static
main.c:130:7:readMsg	4	static
main.c:155:3:__io_putchar	16	static
main.c:161:3:__io_getchar	16	static
main.c:171:8:Correcto_zelda	8	static
main.c:199:8:final_notificacion	8	static
main.c:235:8:gotoSleep	4	static,ignoring_inline_asm
main.c:264:5:main	32	static
main.c:488:6:SystemClock_Config	80	static
main.c:530:13:MX_ADC_Init	24	static
main.c:583:13:MX_I2C1_Init	8	static
main.c:617:13:MX_TIM2_Init	32	static
main.c:665:13:MX_TIM3_Init	48	static
main.c:723:13:MX_TIM4_Init	48	static
main.c:782:13:MX_TIM7_Init	16	static
main.c:820:13:MX_USART2_UART_Init	8	static
main.c:853:13:MX_GPIO_Init	48	static
main.c:893:6:Error_Handler	4	static,ignoring_inline_asm
